<html>
<body>
<pre>
<h1>µVision Build Log</h1>
<h2>Project:</h2>
C:\Users\Specchio\Dropbox\Darpan_T3Modules\T3-Modules\USER\test.uvproj
Project File Date:  03/27/2016

<h2>Output:</h2>
Rebuild target 'STM32F103'
compiling main.c...
compiling stm32f10x_it.c...
compiling system_stm32f10x.c...
compiling modbus_regOp.c...
compiling modbus_response.c...
modbus_response.c(949): warning:  #1-D: last line of file ends without a newline
        
modbus_response.c: 1 warning, 0 errors
compiling misc.c...
compiling stm32f10x_adc.c...
compiling stm32f10x_crc.c...
compiling stm32f10x_dac.c...
compiling stm32f10x_dma.c...
compiling stm32f10x_exti.c...
compiling stm32f10x_flash.c...
compiling stm32f10x_gpio.c...
compiling stm32f10x_iwdg.c...
compiling stm32f10x_rcc.c...
compiling stm32f10x_rtc.c...
compiling stm32f10x_sdio.c...
compiling stm32f10x_spi.c...
compiling stm32f10x_tim.c...
compiling stm32f10x_usart.c...
compiling stm32f10x_wwdg.c...
compiling stm32f10x_bkp.c...
compiling stm32f10x_pwr.c...
assembling cortexm3_macro_rvds.s...
compiling core_cm3.c...
assembling startup_stm32f10x_hd.s...
compiling led.c...
..\HARDWARE\LED\led.c(39): warning:  #177-D: variable "oneswitch_buf" was declared but never referenced
    uint8_t oneswitch_buf ;
..\HARDWARE\LED\led.c: 1 warning, 0 errors
compiling myiic.c...
compiling 24cxx.c...
compiling spi.c...
compiling flash.c...
compiling stmflash.c...
compiling dma.c...
compiling timerx.c...
compiling enc28j60.c...
compiling LCD.c...
compiling MMC_SD.C...
compiling rtc.c...
compiling inputs.c...
..\RANGE\RANGE.H(49): warning:  #1-D: last line of file ends without a newline
  #endif
inputs.c(590): warning:  #1-D: last line of file ends without a newline
   
inputs.c: 2 warnings, 0 errors
compiling output.c...
compiling key.c...
compiling tasks.c...
compiling list.c...
compiling queue.c...
compiling port.c...
compiling heap_2.c...
compiling usart.c...
compiling delay.c...
compiling diskio.c...
compiling ff.c...
compiling psock.c...
compiling timer.c...
compiling uip.c...
compiling uip_arp.c...
compiling uip-fw.c...
compiling uiplib.c...
compiling uip-neighbor.c...
compiling uip-split.c...
compiling clock-arch.c...
compiling tapdev.c...
compiling tcp_client_demo.c...
compiling tcp_demo.c...
compiling tcp_server_demo.c...
compiling udp_demo.c...
..\uIP-APP\udp_scan.h(13): warning:  #231-D: declaration is not visible outside of function
  void dhcpc_configured(const struct dhcpc_state *s);
..\uIP-APP\udp_demo.c(15): warning:  #177-D: variable "conn" was declared but never referenced
        struct uip_udp_conn *conn;
..\uIP-APP\udp_demo.c(16): warning:  #177-D: variable "addr" was declared but never referenced
        uip_ipaddr_t addr;
..\uIP-APP\udp_demo.c: 3 warnings, 0 errors
compiling dhcpc.c...
..\uIP-1.0\apps\dhcpc\dhcpc.c(365): warning:  #111-D: statement is unreachable
                        break ;
..\uIP-1.0\apps\dhcpc\dhcpc.c(400): warning:  #111-D: statement is unreachable
                        break ;
..\uIP-1.0\apps\dhcpc\dhcpc.c(327): warning:  #177-D: variable "ipaddr" was declared but never referenced
        uip_ipaddr_t ipaddr;
..\uIP-1.0\apps\dhcpc\dhcpc.c: 3 warnings, 0 errors
compiling resolv.c...
compiling http-strings.c...
compiling httpd.c...
compiling httpd-cgi.c...
compiling httpd-fs.c...
compiling udp_scan.c...
..\uIP-APP\udp_scan.c(248): warning:  #111-D: statement is unreachable
           break;
..\uIP-APP\udp_scan.c: 1 warning, 0 errors
compiling tcp_modbus.c...
..\uIP-APP\tcp_modbus.c(131): warning:  #1-D: last line of file ends without a newline
  }
..\uIP-APP\tcp_modbus.c: 1 warning, 0 errors
compiling modbus.c...
compiling crc.c...
compiling filter.c...
compiling bacdcode.c...
compiling bacreal.c...
..\bac_lib\bacreal.c(120): warning:  #177-D: variable "i" was declared but never referenced
        uint8_t i ;     
..\bac_lib\bacreal.c: 1 warning, 0 errors
compiling bacint.c...
compiling mstptext.c...
compiling bacaddr.c...
compiling bacprop.c...
compiling bacpropstates.c...
compiling datalink.c...
compiling datetime.c...
compiling dcc.c...
compiling indtext.c...
compiling bacerror.c...
compiling h_npdu.c...
compiling ao.c...
..\bac_lib\ao.c(65): warning:  #177-D: variable "Analog_Output_Initialized" was declared but never referenced
  static bool Analog_Output_Initialized = false;
..\bac_lib\ao.c: 1 warning, 0 errors
compiling bi.c...
compiling bo.c...
compiling txbuf.c...
compiling dlmstp.c...
compiling bacnettimer.c...
compiling s_iam.c...
compiling s_whois.c...
compiling h_iam.c...
compiling abort.c...
compiling rp.c...
compiling noserv.c...
compiling reject.c...
compiling fifo.c...
compiling s_upt.c...
compiling bvlc.c...
compiling bacapp.c...
compiling av.c...
..\bac_lib\av.c(225): warning:  #550-D: variable "object_index" was set but never used
        uint16_t object_index ;
..\bac_lib\av.c: 1 warning, 0 errors
compiling bv.c...
compiling ai.c...
compiling h_wp.c...
..\bac_lib\h_wp.c(67): warning:  #550-D: variable "bytes_sent" was set but never used
      int bytes_sent = 0;
..\bac_lib\h_wp.c: 1 warning, 0 errors
compiling npdu.c...
compiling iam.c...
compiling whois.c...
compiling apdu.c...
..\bac_lib\apdu.c(132): warning:  #550-D: variable "Unrecognized_Service_Handler" was set but never used
  static confirmed_function far Unrecognized_Service_Handler;
..\bac_lib\apdu.c(307): warning:  #550-D: variable "Error_Function" was set but never used
  static error_function Error_Function[MAX_BACNET_CONFIRMED_SERVICE];
..\bac_lib\apdu.c(317): warning:  #550-D: variable "Abort_Function" was set but never used
  static abort_function Abort_Function;
..\bac_lib\apdu.c(325): warning:  #550-D: variable "Reject_Function" was set but never used
  static reject_function Reject_Function;
..\bac_lib\apdu.c(393): warning:  #177-D: function "apdu_confirmed_dcc_disabled" was declared but never referenced
  static bool apdu_confirmed_dcc_disabled(
..\bac_lib\apdu.c(419): warning:  #177-D: function "apdu_unconfirmed_dcc_disabled" was declared but never referenced
  static bool apdu_unconfirmed_dcc_disabled(
..\bac_lib\apdu.c: 6 warnings, 0 errors
compiling wp.c...
compiling h_rp.c...
..\bac_lib\h_rp.c(162): warning:  #550-D: variable "bytes_sent" was set but never used
      int bytes_sent = 0;
..\bac_lib\h_rp.c: 1 warning, 0 errors
compiling bacstr.c...
compiling h_whois.c...
compiling bacnetcrc.c...
compiling bip.c...
..\bac_lib\bip.c(404): warning:  #550-D: variable "max" was set but never used
      int max = 0;
..\bac_lib\bip.c(95): warning:  #177-D: variable "bip_InterAppId" was declared but never referenced
  static U8_T  bip_InterAppId;
..\bac_lib\bip.c(98): warning:  #177-D: function "bip_NewConn" was declared but never referenced
  static U8_T bip_NewConn(U32_T XDATA* pip, U16_T remotePort, U8_T socket)
..\bac_lib\bip.c: 3 warnings, 0 errors
compiling device.c...
compiling ptransfer.c...
..\bac_lib\ptransfer.c(162): warning:  #186-D: pointless comparison of unsigned integer with zero
                        if(transfer_len >= 0)
..\bac_lib\ptransfer.c(80): warning:  #177-D: variable "rec_data_value" was declared but never referenced
      BACNET_APPLICATION_DATA_VALUE rec_data_value ;
..\bac_lib\ptransfer.c(88): warning:  #550-D: variable "len" was set but never used
    int len ;
..\bac_lib\ptransfer.c(90): warning:  #177-D: variable "property_len" was declared but never referenced
    int property_len;
..\bac_lib\ptransfer.c(92): warning:  #177-D: variable "bytes_sent" was declared but never referenced
    int bytes_sent ;
..\bac_lib\ptransfer.c: 5 warnings, 0 errors
compiling user_data.c...
..\bac_lib\user_data.c(283): warning:  #177-D: variable "j" was declared but never referenced
        uint16_t i,j;
..\bac_lib\user_data.c(679): warning:  #188-D: enumerated type mixed with another type
                                        BO_Present_Value[i][priority] = outputs[i].control;
..\bac_lib\user_data.c(612): warning:  #177-D: variable "max_ins" was declared but never referenced
        U8_T max_ins;
..\bac_lib\user_data.c(613): warning:  #177-D: variable "max_aos" was declared but never referenced
        U8_T max_aos;
..\bac_lib\user_data.c: 4 warnings, 0 errors
compiling rs485.c...
compiling decode.c...
..\bac_lib\decode.c(1250): warning:  #111-D: statement is unreachable
                                                 break;
..\bac_lib\decode.c(767): warning:  #177-D: variable "i" was declared but never referenced
        S16_T i, m;
..\bac_lib\decode.c(767): warning:  #177-D: variable "m" was declared but never referenced
        S16_T i, m;
..\bac_lib\decode.c(768): warning:  #177-D: variable "p" was declared but never referenced
        S8_T *p;
..\bac_lib\decode.c(770): warning:  #550-D: variable "time_sign" was set but never used
        U8_T time_sign; 
..\bac_lib\decode.c(773): warning:  #550-D: variable "temp1" was set but never used
        U32_T temp1,temp2;
..\bac_lib\decode.c(774): warning:  #550-D: variable "sptr" was set but never used
        Str_points_ptr sptr;
..\bac_lib\decode.c(1322): warning:  #513-D: a value of type "unsigned char *" cannot be assigned to an entity of type "char *"
                        p = prog;
..\bac_lib\decode.c(1292): warning:  #550-D: variable "num" was set but never used
        S16_T num;
..\bac_lib\decode.c: 9 warnings, 0 errors
compiling vmalloc.c...
compiling abort.c...
compiling ai.c...
compiling ao.c...
..\bac_lib\ao.c(65): warning:  #177-D: variable "Analog_Output_Initialized" was declared but never referenced
  static bool Analog_Output_Initialized = false;
..\bac_lib\ao.c: 1 warning, 0 errors
compiling apdu.c...
..\bac_lib\apdu.c(132): warning:  #550-D: variable "Unrecognized_Service_Handler" was set but never used
  static confirmed_function far Unrecognized_Service_Handler;
..\bac_lib\apdu.c(307): warning:  #550-D: variable "Error_Function" was set but never used
  static error_function Error_Function[MAX_BACNET_CONFIRMED_SERVICE];
..\bac_lib\apdu.c(317): warning:  #550-D: variable "Abort_Function" was set but never used
  static abort_function Abort_Function;
..\bac_lib\apdu.c(325): warning:  #550-D: variable "Reject_Function" was set but never used
  static reject_function Reject_Function;
..\bac_lib\apdu.c(393): warning:  #177-D: function "apdu_confirmed_dcc_disabled" was declared but never referenced
  static bool apdu_confirmed_dcc_disabled(
..\bac_lib\apdu.c(419): warning:  #177-D: function "apdu_unconfirmed_dcc_disabled" was declared but never referenced
  static bool apdu_unconfirmed_dcc_disabled(
..\bac_lib\apdu.c: 6 warnings, 0 errors
compiling av.c...
..\bac_lib\av.c(225): warning:  #550-D: variable "object_index" was set but never used
        uint16_t object_index ;
..\bac_lib\av.c: 1 warning, 0 errors
compiling bacaddr.c...
compiling bacapp.c...
compiling bacdcode.c...
compiling bacerror.c...
compiling bacint.c...
compiling bacnetcrc.c...
compiling bacnettimer.c...
compiling bacprop.c...
compiling bacpropstates.c...
compiling bacreal.c...
..\bac_lib\bacreal.c(120): warning:  #177-D: variable "i" was declared but never referenced
        uint8_t i ;     
..\bac_lib\bacreal.c: 1 warning, 0 errors
compiling bacstr.c...
compiling bi.c...
compiling bip.c...
..\bac_lib\bip.c(404): warning:  #550-D: variable "max" was set but never used
      int max = 0;
..\bac_lib\bip.c(95): warning:  #177-D: variable "bip_InterAppId" was declared but never referenced
  static U8_T  bip_InterAppId;
..\bac_lib\bip.c(98): warning:  #177-D: function "bip_NewConn" was declared but never referenced
  static U8_T bip_NewConn(U32_T XDATA* pip, U16_T remotePort, U8_T socket)
..\bac_lib\bip.c: 3 warnings, 0 errors
compiling bo.c...
compiling bv.c...
compiling bvlc.c...
compiling datalink.c...
compiling datetime.c...
compiling dcc.c...
compiling decode.c...
..\bac_lib\decode.c(1250): warning:  #111-D: statement is unreachable
                                                 break;
..\bac_lib\decode.c(767): warning:  #177-D: variable "i" was declared but never referenced
        S16_T i, m;
..\bac_lib\decode.c(767): warning:  #177-D: variable "m" was declared but never referenced
        S16_T i, m;
..\bac_lib\decode.c(768): warning:  #177-D: variable "p" was declared but never referenced
        S8_T *p;
..\bac_lib\decode.c(770): warning:  #550-D: variable "time_sign" was set but never used
        U8_T time_sign; 
..\bac_lib\decode.c(773): warning:  #550-D: variable "temp1" was set but never used
        U32_T temp1,temp2;
..\bac_lib\decode.c(774): warning:  #550-D: variable "sptr" was set but never used
        Str_points_ptr sptr;
..\bac_lib\decode.c(1322): warning:  #513-D: a value of type "unsigned char *" cannot be assigned to an entity of type "char *"
                        p = prog;
..\bac_lib\decode.c(1292): warning:  #550-D: variable "num" was set but never used
        S16_T num;
..\bac_lib\decode.c: 9 warnings, 0 errors
compiling device.c...
compiling dlmstp.c...
compiling fifo.c...
compiling h_iam.c...
compiling h_npdu.c...
compiling h_rp.c...
..\bac_lib\h_rp.c(162): warning:  #550-D: variable "bytes_sent" was set but never used
      int bytes_sent = 0;
..\bac_lib\h_rp.c: 1 warning, 0 errors
compiling h_whois.c...
compiling h_wp.c...
..\bac_lib\h_wp.c(67): warning:  #550-D: variable "bytes_sent" was set but never used
      int bytes_sent = 0;
..\bac_lib\h_wp.c: 1 warning, 0 errors
compiling iam.c...
compiling indtext.c...
compiling mstptext.c...
compiling noserv.c...
compiling npdu.c...
compiling POINT.C...
..\bac_lib\POINT.C(528): warning:  #177-D: variable "sptr" was declared but never referenced
        Str_points_ptr sptr;
..\bac_lib\POINT.C(778): warning:  #177-D: variable "index" was declared but never referenced
        S16_T index;
..\bac_lib\POINT.C(779): warning:  #177-D: variable "point" was declared but never referenced
        Point_Net point;
..\bac_lib\POINT.C(780): warning:  #177-D: variable "tempval" was declared but never referenced
        S32_T tempval = 0;
..\bac_lib\POINT.C: 4 warnings, 0 errors
compiling ptransfer.c...
..\bac_lib\ptransfer.c(162): warning:  #186-D: pointless comparison of unsigned integer with zero
                        if(transfer_len >= 0)
..\bac_lib\ptransfer.c(80): warning:  #177-D: variable "rec_data_value" was declared but never referenced
      BACNET_APPLICATION_DATA_VALUE rec_data_value ;
..\bac_lib\ptransfer.c(88): warning:  #550-D: variable "len" was set but never used
    int len ;
..\bac_lib\ptransfer.c(90): warning:  #177-D: variable "property_len" was declared but never referenced
    int property_len;
..\bac_lib\ptransfer.c(92): warning:  #177-D: variable "bytes_sent" was declared but never referenced
    int bytes_sent ;
..\bac_lib\ptransfer.c: 5 warnings, 0 errors
compiling reject.c...
compiling rp.c...
compiling rs485.c...
compiling s_iam.c...
compiling s_upt.c...
compiling s_whois.c...
compiling txbuf.c...
compiling user_data.c...
..\bac_lib\user_data.c(283): warning:  #177-D: variable "j" was declared but never referenced
        uint16_t i,j;
..\bac_lib\user_data.c(679): warning:  #188-D: enumerated type mixed with another type
                                        BO_Present_Value[i][priority] = outputs[i].control;
..\bac_lib\user_data.c(612): warning:  #177-D: variable "max_ins" was declared but never referenced
        U8_T max_ins;
..\bac_lib\user_data.c(613): warning:  #177-D: variable "max_aos" was declared but never referenced
        U8_T max_aos;
..\bac_lib\user_data.c: 4 warnings, 0 errors
compiling whois.c...
compiling wp.c...
compiling RANGE.C...
..\RANGE\RANGE.H(49): warning:  #1-D: last line of file ends without a newline
  #endif
..\RANGE\RANGE.C: 1 warning, 0 errors
compiling t3-pt12.c...
compiling read_pt.c...
compiling pt12_i2c.c...
pt12_i2c.c(163): warning:  #1-D: last line of file ends without a newline
  #endif
pt12_i2c.c: 1 warning, 0 errors
linking...
..\OBJ\test.axf: Warning: L6304W: Duplicate input file ..\obj\abort.o ignored.
..\OBJ\test.axf: Warning: L6304W: Duplicate input file ..\obj\ai.o ignored.
..\OBJ\test.axf: Warning: L6304W: Duplicate input file ..\obj\ao.o ignored.
..\OBJ\test.axf: Warning: L6304W: Duplicate input file ..\obj\apdu.o ignored.
..\OBJ\test.axf: Warning: L6304W: Duplicate input file ..\obj\av.o ignored.
..\OBJ\test.axf: Warning: L6304W: Duplicate input file ..\obj\bacaddr.o ignored.
..\OBJ\test.axf: Warning: L6304W: Duplicate input file ..\obj\bacapp.o ignored.
..\OBJ\test.axf: Warning: L6304W: Duplicate input file ..\obj\bacdcode.o ignored.
..\OBJ\test.axf: Warning: L6304W: Duplicate input file ..\obj\bacerror.o ignored.
..\OBJ\test.axf: Warning: L6304W: Duplicate input file ..\obj\bacint.o ignored.
..\OBJ\test.axf: Warning: L6304W: Duplicate input file ..\obj\bacnetcrc.o ignored.
..\OBJ\test.axf: Warning: L6304W: Duplicate input file ..\obj\bacnettimer.o ignored.
..\OBJ\test.axf: Warning: L6304W: Duplicate input file ..\obj\bacprop.o ignored.
..\OBJ\test.axf: Warning: L6304W: Duplicate input file ..\obj\bacpropstates.o ignored.
..\OBJ\test.axf: Warning: L6304W: Duplicate input file ..\obj\bacreal.o ignored.
..\OBJ\test.axf: Warning: L6304W: Duplicate input file ..\obj\bacstr.o ignored.
..\OBJ\test.axf: Warning: L6304W: Duplicate input file ..\obj\bi.o ignored.
..\OBJ\test.axf: Warning: L6304W: Duplicate input file ..\obj\bip.o ignored.
..\OBJ\test.axf: Warning: L6304W: Duplicate input file ..\obj\bo.o ignored.
..\OBJ\test.axf: Warning: L6304W: Duplicate input file ..\obj\bv.o ignored.
..\OBJ\test.axf: Warning: L6304W: Duplicate input file ..\obj\bvlc.o ignored.
..\OBJ\test.axf: Warning: L6304W: Duplicate input file ..\obj\datalink.o ignored.
..\OBJ\test.axf: Warning: L6304W: Duplicate input file ..\obj\datetime.o ignored.
..\OBJ\test.axf: Warning: L6304W: Duplicate input file ..\obj\dcc.o ignored.
..\OBJ\test.axf: Warning: L6304W: Duplicate input file ..\obj\decode.o ignored.
..\OBJ\test.axf: Warning: L6304W: Duplicate input file ..\obj\device.o ignored.
..\OBJ\test.axf: Warning: L6304W: Duplicate input file ..\obj\dlmstp.o ignored.
..\OBJ\test.axf: Warning: L6304W: Duplicate input file ..\obj\fifo.o ignored.
..\OBJ\test.axf: Warning: L6304W: Duplicate input file ..\obj\h_iam.o ignored.
..\OBJ\test.axf: Warning: L6304W: Duplicate input file ..\obj\h_npdu.o ignored.
..\OBJ\test.axf: Warning: L6304W: Duplicate input file ..\obj\h_rp.o ignored.
..\OBJ\test.axf: Warning: L6304W: Duplicate input file ..\obj\h_whois.o ignored.
..\OBJ\test.axf: Warning: L6304W: Duplicate input file ..\obj\h_wp.o ignored.
..\OBJ\test.axf: Warning: L6304W: Duplicate input file ..\obj\iam.o ignored.
..\OBJ\test.axf: Warning: L6304W: Duplicate input file ..\obj\indtext.o ignored.
..\OBJ\test.axf: Warning: L6304W: Duplicate input file ..\obj\mstptext.o ignored.
..\OBJ\test.axf: Warning: L6304W: Duplicate input file ..\obj\noserv.o ignored.
..\OBJ\test.axf: Warning: L6304W: Duplicate input file ..\obj\npdu.o ignored.
..\OBJ\test.axf: Warning: L6304W: Duplicate input file ..\obj\ptransfer.o ignored.
..\OBJ\test.axf: Warning: L6304W: Duplicate input file ..\obj\reject.o ignored.
..\OBJ\test.axf: Warning: L6304W: Duplicate input file ..\obj\rp.o ignored.
..\OBJ\test.axf: Warning: L6304W: Duplicate input file ..\obj\rs485.o ignored.
..\OBJ\test.axf: Warning: L6304W: Duplicate input file ..\obj\s_iam.o ignored.
..\OBJ\test.axf: Warning: L6304W: Duplicate input file ..\obj\s_upt.o ignored.
..\OBJ\test.axf: Warning: L6304W: Duplicate input file ..\obj\s_whois.o ignored.
..\OBJ\test.axf: Warning: L6304W: Duplicate input file ..\obj\txbuf.o ignored.
..\OBJ\test.axf: Warning: L6304W: Duplicate input file ..\obj\user_data.o ignored.
..\OBJ\test.axf: Warning: L6304W: Duplicate input file ..\obj\whois.o ignored.
..\OBJ\test.axf: Warning: L6304W: Duplicate input file ..\obj\wp.o ignored.
Program Size: Code=95644 RO-data=8728 RW-data=2480 ZI-data=248624  
Finished: 0 information, 49 warning and 0 error messages.
FromELF: creating hex file...
"..\OBJ\test.axf" - 0 Error(s), 131 Warning(s).
</pre>
</body>
</html>
