ARM Linker, 5.03 [Build 76] [MDK-ARM Standard]

==============================================================================

Section Cross References

    main.o(.text) refers to stm32f10x_rcc.o(.text) for RCC_APB2PeriphClockCmd
    main.o(.text) refers to stm32f10x_gpio.o(.text) for GPIO_PinRemapConfig
    main.o(.text) refers to device.o(.text) for Device_Init
    main.o(.text) refers to dlmstp.o(.text) for dlmstp_init
    main.o(.text) refers to rs485.o(.text) for Recievebuf_Initialize
    main.o(.text) refers to datalink.o(.text) for datalink_receive
    main.o(.text) refers to h_npdu.o(.text) for npdu_handler
    main.o(.text) refers to delay.o(.text) for delay_ms
    main.o(.text) refers to timer.o(.text) for timer_set
    main.o(.text) refers to tapdev.o(.text) for tapdev_read
    main.o(.text) refers to uip.o(.text) for htons
    main.o(.text) refers to uip_arp.o(.text) for uip_arp_out
    main.o(.text) refers to modbus.o(.text) for SoftReset
    main.o(.text) refers to led.o(.text) for LED_Init
    main.o(.text) refers to 24cxx.o(.text) for AT24CXX_WriteOneByte
    main.o(.text) refers to inputs.o(.text) for inputs_init
    main.o(.text) refers to modbus.o(.bss) for modbus
    main.o(.text) refers to main.o(.bss) for PDUBuffer
    main.o(.text) refers to main.o(.data) for timer_ok
    main.o(.text) refers to uip.o(.data) for uip_len
    main.o(.text) refers to uip.o(.bss) for uip_buf
    main.o(.text) refers to udp_scan.o(.data) for IP_Change
    main.o(.text) refers to modbus.o(.data) for dealwithTag
    main.o(.text) refers to inputs.o(.bss) for data_change
    main.o(.text) refers to usart.o(.text) for uart1_init
    main.o(.text) refers to misc.o(.text) for NVIC_SetVectorTable
    main.o(.text) refers to key.o(.text) for beeper_gpio_init
    main.o(.text) refers to spi.o(.text) for SPI1_Init
    main.o(.text) refers to vmalloc.o(.text) for mem_init
    main.o(.text) refers to __2printf.o(.text) for __2printf
    main.o(.text) refers to tasks.o(.text) for xTaskGenericCreate
    stm32f10x_it.o(.text) refers to __2printf.o(.text) for __2printf
    system_stm32f10x.o(.text) refers to system_stm32f10x.o(.data) for SystemCoreClock
    modbus_regop.o(.text) refers to 24cxx.o(.text) for AT24CXX_WriteOneByte
    modbus_regop.o(.text) refers to usart.o(.text) for uart1_init
    modbus_regop.o(.text) refers to modbus.o(.text) for modbus_init
    modbus_regop.o(.text) refers to modbus.o(.bss) for modbus
    modbus_regop.o(.text) refers to modbus_regop.o(.data) for i
    modbus_regop.o(.text) refers to udp_scan.o(.data) for IP_Change
    modbus_regop.o(.text) refers to modbus.o(.data) for SERIAL_RECEIVE_TIMEOUT
    modbus_regop.o(.text) refers to inputs.o(.text) for pulse_set
    modbus_regop.o(.text) refers to main.o(.text) for EEP_Dat_Init
    modbus_response.o(.text) refers to rt_memcpy_v6.o(.text) for __aeabi_memcpy
    modbus_response.o(.text) refers to modbus.o(.text) for USART_SendDataString
    modbus_response.o(.text) refers to crc.o(.text) for crc16_byte
    modbus_response.o(.text) refers to modbus_response.o(.data) for send_cout
    modbus_response.o(.text) refers to modbus_regop.o(.data) for i
    modbus_response.o(.text) refers to modbus.o(.data) for rece_size
    modbus_response.o(.text) refers to modbus.o(.bss) for uart_send
    modbus_response.o(.text) refers to tcp_modbus.o(.bss) for tcp_server_sendbuf
    modbus_response.o(.text) refers to tcp_modbus.o(.data) for tcp_server_sendlen
    modbus_response.o(.text) refers to crc.o(.data) for CRChi
    stm32f10x_adc.o(.text) refers to stm32f10x_rcc.o(.text) for RCC_APB2PeriphResetCmd
    stm32f10x_dac.o(.text) refers to stm32f10x_rcc.o(.text) for RCC_APB1PeriphResetCmd
    stm32f10x_gpio.o(.text) refers to stm32f10x_rcc.o(.text) for RCC_APB2PeriphResetCmd
    stm32f10x_rcc.o(.text) refers to stm32f10x_rcc.o(.data) for APBAHBPrescTable
    stm32f10x_spi.o(.text) refers to stm32f10x_rcc.o(.text) for RCC_APB2PeriphResetCmd
    stm32f10x_tim.o(.text) refers to stm32f10x_rcc.o(.text) for RCC_APB2PeriphResetCmd
    stm32f10x_usart.o(.text) refers to stm32f10x_rcc.o(.text) for RCC_APB2PeriphResetCmd
    stm32f10x_wwdg.o(.text) refers to stm32f10x_rcc.o(.text) for RCC_APB1PeriphResetCmd
    stm32f10x_bkp.o(.text) refers to stm32f10x_rcc.o(.text) for RCC_BackupResetCmd
    stm32f10x_pwr.o(.text) refers to stm32f10x_rcc.o(.text) for RCC_APB1PeriphResetCmd
    startup_stm32f10x_hd.o(STACK) refers (Special) to heapauxi.o(.text) for __use_two_region_memory
    startup_stm32f10x_hd.o(HEAP) refers (Special) to heapauxi.o(.text) for __use_two_region_memory
    startup_stm32f10x_hd.o(RESET) refers (Special) to heapauxi.o(.text) for __use_two_region_memory
    startup_stm32f10x_hd.o(RESET) refers to startup_stm32f10x_hd.o(STACK) for __initial_sp
    startup_stm32f10x_hd.o(RESET) refers to startup_stm32f10x_hd.o(.text) for Reset_Handler
    startup_stm32f10x_hd.o(RESET) refers to stm32f10x_it.o(.text) for NMI_Handler
[...]
    apdu_set_reject_handler                  0x0801a517   Thumb Code     6  apdu.o(.text)
    apdu_decode_confirmed_service_request    0x0801a51d   Thumb Code   118  apdu.o(.text)
    apdu_timeout                             0x0801a593   Thumb Code     6  apdu.o(.text)
    apdu_timeout_set                         0x0801a599   Thumb Code     6  apdu.o(.text)
    apdu_retries                             0x0801a59f   Thumb Code     6  apdu.o(.text)
    apdu_retries_set                         0x0801a5a5   Thumb Code     6  apdu.o(.text)
    apdu_handler                             0x0801a5f5   Thumb Code   680  apdu.o(.text)
    wp_encode_apdu                           0x0801a8a1   Thumb Code   174  wp.o(.text)
    wp_decode_service_request                0x0801a94f   Thumb Code   332  wp.o(.text)
    Encode_Property_APDU                     0x0801aa9d   Thumb Code   278  h_rp.o(.text)
    handler_read_property                    0x0801abb3   Thumb Code   266  h_rp.o(.text)
    bitstring_init                           0x0801ad35   Thumb Code    24  bacstr.o(.text)
    bitstring_set_bit                        0x0801ad4d   Thumb Code    68  bacstr.o(.text)
    bitstring_bit                            0x0801ad91   Thumb Code    48  bacstr.o(.text)
    bitstring_bits_used                      0x0801adc1   Thumb Code     6  bacstr.o(.text)
    bitstring_bytes_used                     0x0801adc7   Thumb Code    38  bacstr.o(.text)
    bitstring_octet                          0x0801aded   Thumb Code    16  bacstr.o(.text)
    bitstring_set_octet                      0x0801adfd   Thumb Code    20  bacstr.o(.text)
    bitstring_set_bits_used                  0x0801ae11   Thumb Code    24  bacstr.o(.text)
    bitstring_bits_capacity                  0x0801ae29   Thumb Code    12  bacstr.o(.text)
    bitstring_copy                           0x0801ae35   Thumb Code    38  bacstr.o(.text)
    bitstring_same                           0x0801ae5b   Thumb Code   126  bacstr.o(.text)
    characterstring_init                     0x0801aed9   Thumb Code    96  bacstr.o(.text)
    characterstring_init_ansi                0x0801af39   Thumb Code    34  bacstr.o(.text)
    characterstring_length                   0x0801af5b   Thumb Code    10  bacstr.o(.text)
    characterstring_value                    0x0801af65   Thumb Code    10  bacstr.o(.text)
    characterstring_encoding                 0x0801af6f   Thumb Code    10  bacstr.o(.text)
    characterstring_copy                     0x0801af79   Thumb Code    48  bacstr.o(.text)
    characterstring_ansi_copy                0x0801afa9   Thumb Code    56  bacstr.o(.text)
    characterstring_same                     0x0801afe1   Thumb Code    80  bacstr.o(.text)
    characterstring_ansi_same                0x0801b031   Thumb Code    90  bacstr.o(.text)
    characterstring_append                   0x0801b08b   Thumb Code    50  bacstr.o(.text)
    characterstring_truncate                 0x0801b0bd   Thumb Code    20  bacstr.o(.text)
    characterstring_capacity                 0x0801b0d1   Thumb Code    12  bacstr.o(.text)
    characterstring_set_encoding             0x0801b0dd   Thumb Code    12  bacstr.o(.text)
    characterstring_printable                0x0801b0e9   Thumb Code    60  bacstr.o(.text)
    utf8_isvalid                             0x0801b125   Thumb Code   220  bacstr.o(.text)
    characterstring_valid                    0x0801b201   Thumb Code    36  bacstr.o(.text)
    octetstring_init                         0x0801b225   Thumb Code    86  bacstr.o(.text)
    octetstring_init_ascii_hex               0x0801b27b   Thumb Code    46  bacstr.o(.text)
    octetstring_length                       0x0801b2a9   Thumb Code    10  bacstr.o(.text)
    octetstring_value                        0x0801b2b3   Thumb Code    10  bacstr.o(.text)
    octetstring_copy                         0x0801b2bd   Thumb Code    34  bacstr.o(.text)
    octetstring_copy_value                   0x0801b2df   Thumb Code    40  bacstr.o(.text)
    octetstring_append                       0x0801b307   Thumb Code    50  bacstr.o(.text)
    octetstring_truncate                     0x0801b339   Thumb Code    20  bacstr.o(.text)
    octetstring_capacity                     0x0801b34d   Thumb Code    12  bacstr.o(.text)
    octetstring_value_same                   0x0801b359   Thumb Code    64  bacstr.o(.text)
    handler_who_is                           0x0801b3a5   Thumb Code    88  h_whois.o(.text)
    CRC_Calc_Header                          0x0801b405   Thumb Code    52  bacnetcrc.o(.text)
    CRC_Calc_Data                            0x0801b439   Thumb Code    48  bacnetcrc.o(.text)
    bip_Event                                0x0801b46f   Thumb Code     8  bip.o(.text)
    bip_set_socket                           0x0801b477   Thumb Code     6  bip.o(.text)
    BIP_Receive_Handler                      0x0801b47d   Thumb Code    44  bip.o(.text)
    bip_Init                                 0x0801b4a9   Thumb Code     2  bip.o(.text)
    bip_socket                               0x0801b4ab   Thumb Code     6  bip.o(.text)
    bip_valid                                0x0801b4b1   Thumb Code    16  bip.o(.text)
    bip_set_addr                             0x0801b4c1   Thumb Code     6  bip.o(.text)
    bip_get_addr                             0x0801b4c7   Thumb Code     6  bip.o(.text)
    bip_set_broadcast_addr                   0x0801b4cd   Thumb Code     6  bip.o(.text)
    bip_get_broadcast_addr                   0x0801b4d3   Thumb Code     6  bip.o(.text)
    bip_set_port                             0x0801b4d9   Thumb Code     6  bip.o(.text)
    bip_get_port                             0x0801b4df   Thumb Code     6  bip.o(.text)
    bip_send_pdu                             0x0801b4fd   Thumb Code   196  bip.o(.text)
    bip_receive                              0x0801b5c1   Thumb Code   374  bip.o(.text)
    bip_get_my_address                       0x0801b737   Thumb Code    52  bip.o(.text)
    bip_get_broadcast_address                0x0801b76b   Thumb Code    56  bip.o(.text)
    Device_Init                              0x0801b7cd   Thumb Code    20  device.o(.text)
    Device_Object_Instance_Number            0x0801b7e1   Thumb Code     6  device.o(.text)
    Device_Set_Object_Instance_Number        0x0801b7e7   Thumb Code    20  device.o(.text)
    Device_Valid_Object_Instance_Number      0x0801b7fb   Thumb Code    18  device.o(.text)
    Device_Vendor_Identifier                 0x0801b80d   Thumb Code     6  device.o(.text)
    Device_Object_List_Count                 0x0801b813   Thumb Code    38  device.o(.text)
    Device_Object_List_Identifier            0x0801b839   Thumb Code   220  device.o(.text)
    Device_Encode_Property_APDU              0x0801b915   Thumb Code   836  device.o(.text)
    Device_Write_Property                    0x0801bc59   Thumb Code   508  device.o(.text)
    uptransfer_encode_apdu                   0x0801beb9   Thumb Code    46  ptransfer.o(.text)
    ptransfer_decode_service_request         0x0801bee7   Thumb Code   120  ptransfer.o(.text)
    ptransfer_decode_apdu                    0x0801bf5f   Thumb Code    74  ptransfer.o(.text)
    handler_private_transfer                 0x0801bfa9   Thumb Code   460  ptransfer.o(.text)
    uptransfer_decode_apdu                   0x0801c175   Thumb Code    70  ptransfer.o(.text)
    ptransfer_encode_apdu                    0x0801c1bb   Thumb Code    60  ptransfer.o(.text)
    ptransfer_error_encode_apdu              0x0801c1f7   Thumb Code   162  ptransfer.o(.text)
    ptransfer_error_decode_service_request   0x0801c299   Thumb Code   296  ptransfer.o(.text)
    ptransfer_ack_encode_apdu                0x0801c3c1   Thumb Code   110  ptransfer.o(.text)
    init_info_table                          0x0801c431   Thumb Code   136  user_data.o(.text)
    update_timers                            0x0801c4b9   Thumb Code    82  user_data.o(.text)
    init_panel                               0x0801c50b   Thumb Code   212  user_data.o(.text)
    Initial_Panel_Info                       0x0801c5df   Thumb Code    20  user_data.o(.text)
    Bacnet_Initial_Data                      0x0801c5f3   Thumb Code     8  user_data.o(.text)
    Read_bacnet_value_from_buf               0x0801c5fb   Thumb Code    76  user_data.o(.text)
    wirte_bacnet_value_to_buf                0x0801c647   Thumb Code   112  user_data.o(.text)
    Recievebuf_Initialize                    0x0801c725   Thumb Code    16  rs485.o(.text)
    RS485_Transmitter_Enable                 0x0801c735   Thumb Code    18  rs485.o(.text)
    RS485_Turnaround_Delay                   0x0801c747   Thumb Code    66  rs485.o(.text)
    RS485_Send_Data                          0x0801c789   Thumb Code    36  rs485.o(.text)
    RS485_ReceiveError                       0x0801c7ad   Thumb Code     4  rs485.o(.text)
    RS485_DataAvailable                      0x0801c7b1   Thumb Code    32  rs485.o(.text)
    mymemcpy                                 0x0801c7e5   Thumb Code    26  vmalloc.o(.text)
    mymemset                                 0x0801c7ff   Thumb Code    20  vmalloc.o(.text)
    mem_init                                 0x0801c813   Thumb Code    54  vmalloc.o(.text)
    mem_perused                              0x0801c849   Thumb Code    54  vmalloc.o(.text)
    mem_malloc                               0x0801c87f   Thumb Code   162  vmalloc.o(.text)
    mem_free                                 0x0801c921   Thumb Code    94  vmalloc.o(.text)
    myfree                                   0x0801c97f   Thumb Code    32  vmalloc.o(.text)
    mymalloc                                 0x0801c99f   Thumb Code    34  vmalloc.o(.text)
    myrealloc                                0x0801c9c1   Thumb Code    66  vmalloc.o(.text)
    __use_no_semihosting                     0x0801ca15   Thumb Code     2  use_no_semi_2.o(.text)
    __2printf                                0x0801ca19   Thumb Code    20  __2printf.o(.text)
    __2sprintf                               0x0801ca31   Thumb Code    38  __2sprintf.o(.text)
    __2snprintf                              0x0801ca5d   Thumb Code    50  __2snprintf.o(.text)
    _printf_pre_padding                      0x0801ca95   Thumb Code    46  _printf_pad.o(.text)
    _printf_post_padding                     0x0801cac3   Thumb Code    36  _printf_pad.o(.text)
    _printf_str                              0x0801cae7   Thumb Code    82  _printf_str.o(.text)
    _printf_int_dec                          0x0801cb39   Thumb Code   102  _printf_dec.o(.text)
    __printf                                 0x0801cbb1   Thumb Code   352  __printf_ss_wp.o(.text)
    __0sscanf                                0x0801cd11   Thumb Code    52  __0sscanf.o(.text)
    _scanf_int                               0x0801cd4d   Thumb Code   336  _scanf_int.o(.text)
    strtol                                   0x0801ce9d   Thumb Code   112  strtol.o(.text)
    strtoul                                  0x0801cf0d   Thumb Code   114  strtoul.o(.text)
    srand                                    0x0801cf81   Thumb Code    42  rand.o(.text)
    _rand_init                               0x0801cfab   Thumb Code     4  rand.o(.text)
    strchr                                   0x0801cfbd   Thumb Code    20  strchr.o(.text)
    strstr                                   0x0801cfd1   Thumb Code    36  strstr.o(.text)
    memcmp                                   0x0801cff5   Thumb Code    88  memcmp.o(.text)
    strcpy                                   0x0801d04d   Thumb Code    72  strcpy.o(.text)
    strrchr                                  0x0801d095   Thumb Code    22  strrchr.o(.text)
    strlen                                   0x0801d0ab   Thumb Code    62  strlen.o(.text)
    strncmp                                  0x0801d0e9   Thumb Code   150  strncmp.o(.text)
    __aeabi_memcpy                           0x0801d17f   Thumb Code     0  rt_memcpy_v6.o(.text)
    __rt_memcpy                              0x0801d17f   Thumb Code   138  rt_memcpy_v6.o(.text)
    _memcpy_lastbytes                        0x0801d1e5   Thumb Code     0  rt_memcpy_v6.o(.text)
    __aeabi_memcpy4                          0x0801d209   Thumb Code     0  rt_memcpy_w.o(.text)
    __aeabi_memcpy8                          0x0801d209   Thumb Code     0  rt_memcpy_w.o(.text)
    __rt_memcpy_w                            0x0801d209   Thumb Code   100  rt_memcpy_w.o(.text)
    _memcpy_lastbytes_aligned                0x0801d251   Thumb Code     0  rt_memcpy_w.o(.text)
    __aeabi_memset                           0x0801d26d   Thumb Code    16  aeabi_memset.o(.text)
    __aeabi_memclr                           0x0801d27d   Thumb Code     0  rt_memclr.o(.text)
    __rt_memclr                              0x0801d27d   Thumb Code    68  rt_memclr.o(.text)
    _memset                                  0x0801d281   Thumb Code     0  rt_memclr.o(.text)
    __aeabi_memclr4                          0x0801d2c1   Thumb Code     0  rt_memclr_w.o(.text)
    __aeabi_memclr8                          0x0801d2c1   Thumb Code     0  rt_memclr_w.o(.text)
    __rt_memclr_w                            0x0801d2c1   Thumb Code    78  rt_memclr_w.o(.text)
    _memset_w                                0x0801d2c5   Thumb Code     0  rt_memclr_w.o(.text)
    strncpy                                  0x0801d30f   Thumb Code    86  strncpy.o(.text)
    strcmp                                   0x0801d365   Thumb Code   128  strcmpv7m.o(.text)
    __use_two_region_memory                  0x0801d3e5   Thumb Code     2  heapauxi.o(.text)
    __rt_heap_escrow$2region                 0x0801d3e7   Thumb Code     2  heapauxi.o(.text)
    __rt_heap_expand$2region                 0x0801d3e9   Thumb Code     2  heapauxi.o(.text)
    __I$use$semihosting                      0x0801d3eb   Thumb Code     0  use_no_semi.o(.text)
    __use_no_semihosting_swi                 0x0801d3eb   Thumb Code     2  use_no_semi.o(.text)
    __rt_ctype_table                         0x0801d3ed   Thumb Code    16  rt_ctype_table.o(.text)
    __aeabi_errno_addr                       0x0801d3fd   Thumb Code     8  rt_errno_addr_intlibspace.o(.text)
    __errno$intlibspace                      0x0801d3fd   Thumb Code     0  rt_errno_addr_intlibspace.o(.text)
    __rt_errno_addr$intlibspace              0x0801d3fd   Thumb Code     0  rt_errno_addr_intlibspace.o(.text)
    _printf_int_common                       0x0801d405   Thumb Code   184  _printf_intcommon.o(.text)
    _printf_char_common                      0x0801d4c7   Thumb Code    32  _printf_char_common.o(.text)
    _sputc                                   0x0801d4ed   Thumb Code    10  _sputc.o(.text)
    _snputc                                  0x0801d4f7   Thumb Code    16  _snputc.o(.text)
    _printf_cs_common                        0x0801d507   Thumb Code    20  _printf_char.o(.text)
    _printf_char                             0x0801d51b   Thumb Code    16  _printf_char.o(.text)
    _printf_string                           0x0801d52b   Thumb Code     8  _printf_char.o(.text)
    _printf_char_file                        0x0801d535   Thumb Code    32  _printf_char_file.o(.text)
    _chval                                   0x0801d559   Thumb Code    28  _chval.o(.text)
    __vfscanf_char                           0x0801d581   Thumb Code    24  scanf_char.o(.text)
    _sgetc                                   0x0801d5a1   Thumb Code    30  _sgetc.o(.text)
    _sbackspace                              0x0801d5bf   Thumb Code    34  _sgetc.o(.text)
    _strtoul                                 0x0801d5e1   Thumb Code   158  _strtoul.o(.text)
    __strtod_int                             0x0801d6bd   Thumb Code    88  strtod.o(.text)
    __user_libspace                          0x0801d721   Thumb Code     8  libspace.o(.text)
    __user_perproc_libspace                  0x0801d721   Thumb Code     0  libspace.o(.text)
    __user_perthread_libspace                0x0801d721   Thumb Code     0  libspace.o(.text)
    __rt_locale                              0x0801d729   Thumb Code     8  rt_locale_intlibspace.o(.text)
    isspace                                  0x0801d731   Thumb Code    18  isspace.o(.text)
    __vfscanf                                0x0801d745   Thumb Code   876  _scanf.o(.text)
    _btod_etento                             0x0801dab5   Thumb Code   222  bigflt0.o(.text)
    ferror                                   0x0801db99   Thumb Code     8  ferror.o(.text)
    __user_setup_stackheap                   0x0801dba1   Thumb Code    74  sys_stackheap_outer.o(.text)
    _scanf_really_real                       0x0801dde5   Thumb Code   672  scanf_fp.o(.text)
    exit                                     0x0801e091   Thumb Code    12  exit.o(.text)
    __read_errno                             0x0801e09d   Thumb Code    10  _rserrno.o(.text)
    __set_errno                              0x0801e0a7   Thumb Code    12  _rserrno.o(.text)
    _scanf_really_hex_real                   0x0801e0b5   Thumb Code   776  scanf_hexfp.o(.text)
    _scanf_really_infnan                     0x0801e3c9   Thumb Code   298  scanf_infnan.o(.text)
    __aeabi_llsl                             0x0801e505   Thumb Code     0  llshl.o(.text)
    _ll_shift_l                              0x0801e505   Thumb Code    38  llshl.o(.text)
    __btod_div_common                        0x0801e52b   Thumb Code   696  btod.o(CL$$btod_div_common)
    _e2d                                     0x0801e865   Thumb Code    80  btod.o(CL$$btod_e2d)
    _e2e                                     0x0801e8b9   Thumb Code   198  btod.o(CL$$btod_e2e)
    _btod_ediv                               0x0801e97f   Thumb Code    40  btod.o(CL$$btod_ediv)
    _btod_edivd                              0x0801e9a7   Thumb Code    40  btod.o(CL$$btod_edivd)
    _btod_emul                               0x0801e9cf   Thumb Code    40  btod.o(CL$$btod_emul)
    _btod_emuld                              0x0801e9f7   Thumb Code    40  btod.o(CL$$btod_emuld)
    __btod_mult_common                       0x0801ea1f   Thumb Code   580  btod.o(CL$$btod_mult_common)
    __mathlib_dbl_underflow                  0x0801ec65   Thumb Code    10  dunder.o(i.__mathlib_dbl_underflow)
    __mathlib_narrow                         0x0801ec75   Thumb Code    16  narrow.o(i.__mathlib_narrow)
    __mathlib_tofloat                        0x0801ec85   Thumb Code   132  narrow.o(i.__mathlib_tofloat)
    __support_ldexp                          0x0801ed0d   Thumb Code    22  ldexp.o(i.__support_ldexp)
    _is_digit                                0x0801ed23   Thumb Code    14  __printf_wp.o(i._is_digit)
    frexp                                    0x0801ed31   Thumb Code    80  frexp.o(i.frexp)
    ldexp                                    0x0801ed89   Thumb Code   126  ldexp.o(i.ldexp)
    strtod                                   0x0801ee07   Thumb Code    28  strtod.o(i.strtod)
    _get_lc_ctype                            0x0801ee25   Thumb Code    44  lc_ctype_c.o(locale$$code)
    _get_lc_numeric                          0x0801ee51   Thumb Code    44  lc_numeric_c.o(locale$$code)
    __aeabi_d2f                              0x0801ee7d   Thumb Code     0  d2f.o(x$fpl$d2f)
    _d2f                                     0x0801ee7d   Thumb Code    98  d2f.o(x$fpl$d2f)
    __fpl_dcheck_NaN1                        0x0801eee1   Thumb Code    10  dcheck1.o(x$fpl$dcheck1)
    __fpl_dcmp_Inf                           0x0801eef1   Thumb Code    24  dcmpi.o(x$fpl$dcmpinf)
    __aeabi_cdcmpeq                          0x0801ef09   Thumb Code     0  deqf.o(x$fpl$deqf)
    _dcmpeq                                  0x0801ef09   Thumb Code   120  deqf.o(x$fpl$deqf)
    __aeabi_cdcmple                          0x0801ef81   Thumb Code     0  dleqf.o(x$fpl$dleqf)
    _dcmple                                  0x0801ef81   Thumb Code   120  dleqf.o(x$fpl$dleqf)
    __fpl_dcmple_InfNaN                      0x0801efe3   Thumb Code     0  dleqf.o(x$fpl$dleqf)
    __fpl_dnaninf                            0x0801eff9   Thumb Code   156  dnaninf.o(x$fpl$dnaninf)
    __aeabi_cdrcmple                         0x0801f095   Thumb Code     0  drleqf.o(x$fpl$drleqf)
    _drcmple                                 0x0801f095   Thumb Code   108  drleqf.o(x$fpl$drleqf)
    __fpl_fcmp_Inf                           0x0801f101   Thumb Code    24  fcmpi.o(x$fpl$fcmpinf)
    __aeabi_fdiv                             0x0801f119   Thumb Code     0  fdiv.o(x$fpl$fdiv)
    _fdiv                                    0x0801f119   Thumb Code   384  fdiv.o(x$fpl$fdiv)
    __aeabi_f2iz                             0x0801f29d   Thumb Code     0  ffix.o(x$fpl$ffix)
    _ffix                                    0x0801f29d   Thumb Code    54  ffix.o(x$fpl$ffix)
    __aeabi_f2uiz                            0x0801f2d5   Thumb Code     0  ffixu.o(x$fpl$ffixu)
    _ffixu                                   0x0801f2d5   Thumb Code    62  ffixu.o(x$fpl$ffixu)
    __aeabi_i2f                              0x0801f315   Thumb Code     0  fflt_clz.o(x$fpl$fflt)
    _fflt                                    0x0801f315   Thumb Code    48  fflt_clz.o(x$fpl$fflt)
    __aeabi_ui2f                             0x0801f345   Thumb Code     0  fflt_clz.o(x$fpl$ffltu)
    _ffltu                                   0x0801f345   Thumb Code    38  fflt_clz.o(x$fpl$ffltu)
    __aeabi_cfcmple                          0x0801f36d   Thumb Code     0  fleqf.o(x$fpl$fleqf)
    _fcmple                                  0x0801f36d   Thumb Code   104  fleqf.o(x$fpl$fleqf)
    __fpl_fcmple_InfNaN                      0x0801f3bf   Thumb Code     0  fleqf.o(x$fpl$fleqf)
    __aeabi_fmul                             0x0801f3d5   Thumb Code     0  fmul.o(x$fpl$fmul)
    _fmul                                    0x0801f3d5   Thumb Code   258  fmul.o(x$fpl$fmul)
    __fpl_fnaninf                            0x0801f4d7   Thumb Code   140  fnaninf.o(x$fpl$fnaninf)
    __fpl_fretinf                            0x0801f563   Thumb Code    10  fretinf.o(x$fpl$fretinf)
    __aeabi_cfrcmple                         0x0801f56d   Thumb Code     0  frleqf.o(x$fpl$frleqf)
    _frcmple                                 0x0801f56d   Thumb Code    98  frleqf.o(x$fpl$frleqf)
    __fpl_return_NaN                         0x0801f5cf   Thumb Code   100  retnan.o(x$fpl$retnan)
    __ARM_scalbn                             0x0801f633   Thumb Code    92  scalbn.o(x$fpl$scalbn)
    _scanf_real                              0x0801f68f   Thumb Code     4  scanf1.o(x$fpl$scanf1)
    _scanf_hex_real                          0x0801f693   Thumb Code     4  scanf2.o(x$fpl$scanf2)
    _scanf_infnan                            0x0801f697   Thumb Code     4  scanf2.o(x$fpl$scanf2)
    __fpl_cmpreturn                          0x0801f69b   Thumb Code    48  trapv.o(x$fpl$trapveneer)
    __I$use$fp                               0x0801f6ca   Number         0  usenofp.o(x$fpl$usenofp)
    _STR_PLUSE_SETTING_                      0x0801f6cc   Data         176  inputs.o(.constdata)
    http_http                                0x0801f796   Data           8  http-strings.o(.constdata)
    http_200                                 0x0801f79e   Data           5  http-strings.o(.constdata)
    http_301                                 0x0801f7a3   Data           5  http-strings.o(.constdata)
    http_302                                 0x0801f7a8   Data           5  http-strings.o(.constdata)
    http_get                                 0x0801f7ad   Data           5  http-strings.o(.constdata)
    http_10                                  0x0801f7b2   Data           9  http-strings.o(.constdata)
    http_11                                  0x0801f7bb   Data           9  http-strings.o(.constdata)
    http_content_type                        0x0801f7c4   Data          15  http-strings.o(.constdata)
    http_texthtml                            0x0801f7d3   Data          10  http-strings.o(.constdata)
    http_location                            0x0801f7dd   Data          11  http-strings.o(.constdata)
    http_host                                0x0801f7e8   Data           7  http-strings.o(.constdata)
    http_crnl                                0x0801f7ef   Data           3  http-strings.o(.constdata)
    http_index_html                          0x0801f7f2   Data          12  http-strings.o(.constdata)
    http_404_html                            0x0801f7fe   Data          10  http-strings.o(.constdata)
    http_referer                             0x0801f808   Data           9  http-strings.o(.constdata)
    http_header_200                          0x0801f811   Data          84  http-strings.o(.constdata)
    http_header_404                          0x0801f865   Data          91  http-strings.o(.constdata)
    http_content_type_plain                  0x0801f8c0   Data          29  http-strings.o(.constdata)
    http_content_type_html                   0x0801f8dd   Data          28  http-strings.o(.constdata)
    http_content_type_css                    0x0801f8f9   Data          27  http-strings.o(.constdata)
    http_content_type_text                   0x0801f914   Data          28  http-strings.o(.constdata)
    http_content_type_png                    0x0801f930   Data          28  http-strings.o(.constdata)
    http_content_type_gif                    0x0801f94c   Data          28  http-strings.o(.constdata)
    http_content_type_jpg                    0x0801f968   Data          29  http-strings.o(.constdata)
    http_content_type_binary                 0x0801f985   Data          43  http-strings.o(.constdata)
    http_html                                0x0801f9b0   Data           6  http-strings.o(.constdata)
    http_shtml                               0x0801f9b6   Data           7  http-strings.o(.constdata)
    http_htm                                 0x0801f9bd   Data           5  http-strings.o(.constdata)
    http_css                                 0x0801f9c2   Data           5  http-strings.o(.constdata)
    http_png                                 0x0801f9c7   Data           5  http-strings.o(.constdata)
    http_gif                                 0x0801f9cc   Data           5  http-strings.o(.constdata)
    http_jpg                                 0x0801f9d1   Data           5  http-strings.o(.constdata)
    http_text                                0x0801f9d6   Data           5  http-strings.o(.constdata)
    http_txt                                 0x0801f9db   Data           5  http-strings.o(.constdata)
    file_processes_shtml                     0x08020cc4   Data          20  httpd-fs.o(.constdata)
    file_404_html                            0x08020cd8   Data          20  httpd-fs.o(.constdata)
    file_files_shtml                         0x08020cec   Data          20  httpd-fs.o(.constdata)
    file_footer_html                         0x08020d00   Data          20  httpd-fs.o(.constdata)
    file_header_html                         0x08020d14   Data          20  httpd-fs.o(.constdata)
    file_index_html                          0x08020d28   Data          20  httpd-fs.o(.constdata)
    file_style_css                           0x08020d3c   Data          20  httpd-fs.o(.constdata)
    file_tcp_shtml                           0x08020d50   Data          20  httpd-fs.o(.constdata)
    file_fade_png                            0x08020d64   Data          20  httpd-fs.o(.constdata)
    file_stats_shtml                         0x08020d78   Data          20  httpd-fs.o(.constdata)
    auchCRCHi                                0x08020d8c   Data         256  crc.o(.constdata)
    auchCRCLo                                0x08020e8c   Data         256  crc.o(.constdata)
    def_tab_pic_Type2_10K                    0x08020f8c   Data          21  filter.o(.constdata)
    def_tab_pic_Type3_10K                    0x08020fa1   Data          21  filter.o(.constdata)
    av_name                                  0x0802105c   Data         832  av.o(.constdata)
    memtblsize                               0x0802149c   Data           8  vmalloc.o(.constdata)
    memblksize                               0x080214a4   Data           8  vmalloc.o(.constdata)
    memsize                                  0x080214ac   Data           8  vmalloc.o(.constdata)
    Region$$Table$$Base                      0x08021660   Number         0  anon$$obj.o(Region$$Table)
    Region$$Table$$Limit                     0x08021680   Number         0  anon$$obj.o(Region$$Table)
    __aeabi_HUGE_VAL                         0x08021680   Data           0  fpconst.o(c$$dinf)
    __aeabi_HUGE_VALL                        0x08021680   Data           0  fpconst.o(c$$dinf)
    __aeabi_INFINITY                         0x08021680   Data           0  fpconst.o(c$$dinf)
    __dInf                                   0x08021680   Data           0  fpconst.o(c$$dinf)
    __huge_val                               0x08021680   Data           0  fpconst.o(c$$dinf)
    __ctype                                  0x08021695   Data           0  lc_ctype_c.o(locale$$data)
    read_cal                                 0x20000000   Data           1  main.o(.data)
    global_key                               0x20000001   Data           1  main.o(.data)
    ram_test1                                0x20000015   Data           1  main.o(.data)
    ram_test2                                0x20000016   Data           1  main.o(.data)
    SystemCoreClock                          0x20000018   Data           4  system_stm32f10x.o(.data)
    AHBPrescTable                            0x2000001c   Data          16  system_stm32f10x.o(.data)
    address_temp                             0x2000002c   Data           1  modbus_regop.o(.data)
    div_buf                                  0x2000002d   Data           1  modbus_regop.o(.data)
    address_buf                              0x2000002e   Data           1  modbus_regop.o(.data)
    i                                        0x2000002f   Data           1  modbus_regop.o(.data)
    temp1                                    0x20000030   Data           1  modbus_response.o(.data)
    temp2                                    0x20000031   Data           1  modbus_response.o(.data)
    address                                  0x20000032   Data           2  modbus_response.o(.data)
    div_temp                                 0x20000034   Data           2  modbus_response.o(.data)
    send_cout                                0x20000036   Data           2  modbus_response.o(.data)
    led_bank1                                0x2000004c   Data           2  led.o(.data)
    led_bank2                                0x2000004e   Data           2  led.o(.data)
    heart_beat_led                           0x20000050   Data           1  led.o(.data)
    tx_count                                 0x20000051   Data           1  led.o(.data)
    rx_count                                 0x20000052   Data           1  led.o(.data)
    dhcp_run_time                            0x20000058   Data           4  timerx.o(.data)
    uip_timer                                0x2000005c   Data           4  timerx.o(.data)
    pxCurrentTCB                             0x20000098   Data           4  tasks.o(.data)
    USART_RX_STA                             0x200000f0   Data           2  usart.o(.data)
    __stdout                                 0x200000f4   Data           4  usart.o(.data)
    uip_ethaddr                              0x200000fc   Data           6  uip.o(.data)
    uip_hostaddr                             0x20000102   Data           4  uip.o(.data)
    uip_draddr                               0x20000106   Data           4  uip.o(.data)
    uip_netmask                              0x2000010a   Data           4  uip.o(.data)
    uip_appdata                              0x20000110   Data           4  uip.o(.data)
    uip_sappdata                             0x20000114   Data           4  uip.o(.data)
    uip_len                                  0x20000118   Data           2  uip.o(.data)
    uip_slen                                 0x2000011a   Data           2  uip.o(.data)
    uip_flags                                0x2000011c   Data           1  uip.o(.data)
    uip_conn                                 0x20000120   Data           4  uip.o(.data)
    uip_udp_conn                             0x20000124   Data           4  uip.o(.data)
    uip_acc32                                0x20000130   Data           4  uip.o(.data)
    tcp_client_sta                           0x20000140   Data           1  tcp_client_demo.o(.data)
    LED0_ON_PIC_ADDR                         0x20000158   Data           4  httpd.o(.data)
    LED1_ON_PIC_ADDR                         0x2000015c   Data           4  httpd.o(.data)
    LED_OFF_PIC_ADDR                         0x20000160   Data           4  httpd.o(.data)
    data_index_html                          0x20000198   Data        1673  httpd-fs.o(.data)
    state                                    0x20000821   Data           1  udp_scan.o(.data)
    scanstart                                0x20000822   Data           1  udp_scan.o(.data)
    IP_Change                                0x20000823   Data           1  udp_scan.o(.data)
    tcp_server_sta                           0x20000824   Data           1  tcp_modbus.o(.data)
    tcp_server_sendlen                       0x20000826   Data           2  tcp_modbus.o(.data)
    transmit_finished                        0x20000829   Data           1  modbus.o(.data)
    revce_count                              0x2000082a   Data           1  modbus.o(.data)
    rece_size                                0x2000082b   Data           1  modbus.o(.data)
    sendbyte_num                             0x2000082c   Data           2  modbus.o(.data)
    uart_num                                 0x2000082e   Data           2  modbus.o(.data)
    Station_NUM                              0x20000830   Data           1  modbus.o(.data)
    serial_receive_timeout_count             0x20000835   Data           1  modbus.o(.data)
    SERIAL_RECEIVE_TIMEOUT                   0x20000836   Data           1  modbus.o(.data)
    dealwithTag                              0x20000837   Data           1  modbus.o(.data)
    DealwithTag                              0x20000838   Data           1  modbus.o(.data)
    CRClo                                    0x20000839   Data           1  crc.o(.data)
    CRChi                                    0x2000083a   Data           1  crc.o(.data)
    BI_Present_Value                         0x20000844   Data           5  bi.o(.data)
    This_Station                             0x20000858   Data           1  dlmstp.o(.data)
    MSTP_Flag                                0x20000870   Data           4  dlmstp.o(.data)
    mstp_port                                0x20000888   Data           4  dlmstp.o(.data)
    SilenceTime                              0x2000088c   Data           2  bacnettimer.o(.data)
    BVLC_Result_Code                         0x2000088e   Data           1  bvlc.o(.data)
    BVLC_Function_Code                       0x2000088f   Data           1  bvlc.o(.data)
    Send_I_Am_Flag                           0x200008d4   Data           1  h_whois.o(.data)
    sembip                                   0x200008e0   Data           4  bip.o(.data)
    bip_Data                                 0x200008f8   Data           4  bip.o(.data)
    bip_len                                  0x200008fc   Data           2  bip.o(.data)
    text_string                              0x20000900   Data          20  device.o(.data)
    invoke_id                                0x20000918   Data           1  ptransfer.o(.data)
    transfer_len                             0x2000091a   Data           2  ptransfer.o(.data)
    header_len                               0x2000091c   Data           1  ptransfer.o(.data)
    table_bank                               0x20000920   Data          15  user_data.o(.data)
    timestart                                0x20000930   Data           4  user_data.o(.data)
    ora_current_sec                          0x20000934   Data           4  user_data.o(.data)
    time_since_1970                          0x20000938   Data           4  user_data.o(.data)
    output_raw                               0x2000093c   Data           4  user_data.o(.data)
    Instance                                 0x20000940   Data           2  user_data.o(.data)
    flag_E2_changed                          0x20000942   Data           1  user_data.o(.data)
    changed_index                            0x20000944   Data           4  user_data.o(.data)
    ind_passwords                            0x20000948   Data           1  user_data.o(.data)
    total_elements                           0x2000094c   Data           4  user_data.o(.data)
    group_data_length                        0x20000950   Data           4  user_data.o(.data)
    Code_total_length                        0x20000954   Data           4  user_data.o(.data)
    PRG_crc                                  0x20000958   Data           4  user_data.o(.data)
    free_mon_blocks                          0x2000095c   Data           1  user_data.o(.data)
    total_send_length                        0x20000960   Data           4  user_data.o(.data)
    num_of_time                              0x20000964   Data           1  user_data.o(.data)
    program_index                            0x20000965   Data           1  user_data.o(.data)
    timer_type                               0x20000966   Data           1  user_data.o(.data)
    timer_index                              0x20000967   Data           1  user_data.o(.data)
    number_of_network_points                 0x20000968   Data           1  user_data.o(.data)
    number_of_remote_points                  0x20000969   Data           1  user_data.o(.data)
    prog                                     0x2000096c   Data           4  user_data.o(.data)
    index_stack                              0x20000970   Data           4  user_data.o(.data)
    time_buf                                 0x20000974   Data           4  user_data.o(.data)
    cond                                     0x20000978   Data           4  user_data.o(.data)
    v                                        0x2000097c   Data           4  user_data.o(.data)
    value                                    0x20000980   Data           4  user_data.o(.data)
    op1                                      0x20000984   Data           4  user_data.o(.data)
    op2                                      0x20000988   Data           4  user_data.o(.data)
    n                                        0x2000098c   Data           4  user_data.o(.data)
    pn                                       0x20000990   Data           4  user_data.o(.data)
    mallco_dev                               0x20000994   Data          28  vmalloc.o(.data)
    PDUBuffer                                0x200009b0   Data         600  main.o(.bss)
    data_change                              0x20000c08   Data          44  inputs.o(.bss)
    AD_Value                                 0x20000c60   Data          44  inputs.o(.bss)
    uip_buf                                  0x20003558   Data        4098  uip.o(.bss)
    uip_conns                                0x2000455c   Data        1600  uip.o(.bss)
    uip_listenports                          0x20004b9c   Data          80  uip.o(.bss)
    uip_udp_conns                            0x20004bec   Data         640  uip.o(.bss)
    uip_stat                                 0x20004e6c   Data          52  uip.o(.bss)
    tcp_client_databuf                       0x20004f00   Data         500  tcp_client_demo.o(.bss)
    InformationStr                           0x200051e4   Data          60  udp_scan.o(.bss)
    test                                     0x20005220   Data          50  udp_scan.o(.bss)
    tcp_server_databuf                       0x2000537e   Data         500  tcp_modbus.o(.bss)
    tcp_server_sendbuf                       0x20005572   Data         500  tcp_modbus.o(.bss)
    i2c_test                                 0x20005768   Data          10  modbus.o(.bss)
    USART_RX_BUF                             0x20005772   Data         512  modbus.o(.bss)
    uart_send                                0x20005972   Data         512  modbus.o(.bss)
    modbus                                   0x20005b74   Data         644  modbus.o(.bss)
    AO_Present_Value                         0x20005e44   Data          32  ao.o(.bss)
    BO_Present_Value                         0x20005ea4   Data         192  bo.o(.bss)
    Handler_Transmit_Buffer                  0x20005f70   Data         626  txbuf.o(.bss)
    AV_Present_Value                         0x200063e8   Data         208  av.o(.bss)
    AI_Present_Value                         0x200064b8   Data          44  ai.o(.bss)
    wp_data                                  0x200064e4   Data         624  h_wp.o(.bss)
    mtu                                      0x200068e8   Data         630  bip.o(.bss)
    PDUBuffer_BIP                            0x20006b5e   Data         600  bip.o(.bss)
    info                                     0x20006dcc   Data         144  user_data.o(.bss)
    Panel_Info                               0x20006e5c   Data          22  user_data.o(.bss)
    Setting_Info                             0x20006e74   Data         100  user_data.o(.bss)
    input_raw                                0x20006ed8   Data          88  user_data.o(.bss)
    chip_info                                0x20006f30   Data          24  user_data.o(.bss)
    inputs                                   0x20006f48   Data        1056  user_data.o(.bss)
    outputs                                  0x20007368   Data          48  user_data.o(.bss)
    digi_units                               0x20007398   Data         200  user_data.o(.bss)
    passwords                                0x20007460   Data         416  user_data.o(.bss)
    totalizers                               0x20007600   Data          96  user_data.o(.bss)
    annual_routines                          0x20007660   Data         132  user_data.o(.bss)
    panelname                                0x200076e4   Data          20  user_data.o(.bss)
    stack                                    0x200076f8   Data          80  user_data.o(.bss)
    Receive_Buffer0                          0x20007748   Data          16  rs485.o(.bss)
    mem1base                                 0x20007758   Data        1024  vmalloc.o(.bss)
    mem1mapbase                              0x20007b58   Data          64  vmalloc.o(.bss)
    _random_number_data                      0x20007b98   Data         228  rand.o(.bss)
    __libspace_start                         0x20007c7c   Data          96  libspace.o(.bss)
    __temporary_stack_top$libspace           0x20007cdc   Data           0  libspace.o(.bss)
    mem2base                                 0x68000000   Data       204800  vmalloc.o(.ARM.__AT_0x68000000)
    mem2mapbase                              0x68032000   Data       12800  vmalloc.o(.ARM.__AT_0x68032000)



==============================================================================

Memory Map of the image

  Image Entry point : 0x08008131

  Load Region LR_IROM1 (Base: 0x08008000, Size: 0x0001a164, Max: 0x00038000, ABSOLUTE, COMPRESSED[0x00019c34])

    Execution Region ER_IROM1 (Base: 0x08008000, Size: 0x000197b4, Max: 0x00038000, ABSOLUTE)

    Base Addr    Size         Type   Attr      Idx    E Section Name        Object

    0x08008000   0x00000130   Data   RO          855    RESET               startup_stm32f10x_hd.o
    0x08008130   0x00000008   Code   RO         3186  * !!!main             c_w.l(__main.o)
    0x08008138   0x00000034   Code   RO         3543    !!!scatter          c_w.l(__scatter.o)
    0x0800816c   0x00000064   Code   RO         3541    !!dclz77c           c_w.l(__dclz77c.o)
    0x080081d0   0x0000001c   Code   RO         3545    !!handler_zi        c_w.l(__scatter_zi.o)
    0x080081ec   0x00000000   Code   RO         3142    .ARM.Collect$$_printf_percent$$00000000  c_w.l(_printf_percent.o)
    0x080081ec   0x00000006   Code   RO         3139    .ARM.Collect$$_printf_percent$$00000009  c_w.l(_printf_d.o)
    0x080081f2   0x00000006   Code   RO         3140    .ARM.Collect$$_printf_percent$$0000000A  c_w.l(_printf_u.o)
    0x080081f8   0x00000006   Code   RO         3136    .ARM.Collect$$_printf_percent$$00000013  c_w.l(_printf_c.o)
    0x080081fe   0x00000006   Code   RO         3137    .ARM.Collect$$_printf_percent$$00000014  c_w.l(_printf_s.o)
    0x08008204   0x00000004   Code   RO         3256    .ARM.Collect$$_printf_percent$$00000017  c_w.l(_printf_percent_end.o)
    0x08008208   0x00000002   Code   RO         3414    .ARM.Collect$$libinit$$00000000  c_w.l(libinit.o)
    0x0800820a   0x00000000   Code   RO         3268    .ARM.Collect$$libinit$$00000002  c_w.l(libinit2.o)
    0x0800820a   0x00000000   Code   RO         3271    .ARM.Collect$$libinit$$00000008  c_w.l(libinit2.o)
    0x0800820a   0x00000000   Code   RO         3273    .ARM.Collect$$libinit$$0000000A  c_w.l(libinit2.o)
    0x0800820a   0x00000004   Code   RO         3274    .ARM.Collect$$libinit$$0000000B  c_w.l(libinit2.o)
    0x0800820e   0x00000000   Code   RO         3275    .ARM.Collect$$libinit$$0000000C  c_w.l(libinit2.o)
    0x0800820e   0x00000006   Code   RO         3276    .ARM.Collect$$libinit$$0000000D  c_w.l(libinit2.o)
    0x08008214   0x00000000   Code   RO         3278    .ARM.Collect$$libinit$$0000000F  c_w.l(libinit2.o)
    0x08008214   0x0000000c   Code   RO         3279    .ARM.Collect$$libinit$$00000010  c_w.l(libinit2.o)
    0x08008220   0x00000000   Code   RO         3280    .ARM.Collect$$libinit$$00000011  c_w.l(libinit2.o)
    0x08008220   0x00000000   Code   RO         3282    .ARM.Collect$$libinit$$00000013  c_w.l(libinit2.o)
    0x08008220   0x0000000a   Code   RO         3283    .ARM.Collect$$libinit$$00000014  c_w.l(libinit2.o)
    0x0800822a   0x00000000   Code   RO         3284    .ARM.Collect$$libinit$$00000015  c_w.l(libinit2.o)
    0x0800822a   0x00000000   Code   RO         3286    .ARM.Collect$$libinit$$00000017  c_w.l(libinit2.o)
    0x0800822a   0x00000000   Code   RO         3288    .ARM.Collect$$libinit$$00000019  c_w.l(libinit2.o)
    0x0800822a   0x00000000   Code   RO         3290    .ARM.Collect$$libinit$$0000001B  c_w.l(libinit2.o)
    0x0800822a   0x00000000   Code   RO         3292    .ARM.Collect$$libinit$$0000001D  c_w.l(libinit2.o)
    0x0800822a   0x00000000   Code   RO         3294    .ARM.Collect$$libinit$$0000001F  c_w.l(libinit2.o)
    0x0800822a   0x00000000   Code   RO         3296    .ARM.Collect$$libinit$$00000021  c_w.l(libinit2.o)
    0x0800822a   0x00000000   Code   RO         3298    .ARM.Collect$$libinit$$00000023  c_w.l(libinit2.o)
    0x0800822a   0x00000000   Code   RO         3302    .ARM.Collect$$libinit$$0000002A  c_w.l(libinit2.o)
    0x0800822a   0x00000000   Code   RO         3304    .ARM.Collect$$libinit$$0000002C  c_w.l(libinit2.o)
    0x0800822a   0x00000000   Code   RO         3306    .ARM.Collect$$libinit$$0000002E  c_w.l(libinit2.o)
    0x0800822a   0x00000000   Code   RO         3308    .ARM.Collect$$libinit$$00000030  c_w.l(libinit2.o)
    0x0800822a   0x00000002   Code   RO         3309    .ARM.Collect$$libinit$$00000031  c_w.l(libinit2.o)
    0x0800822c   0x00000002   Code   RO         3476    .ARM.Collect$$libshutdown$$00000000  c_w.l(libshutdown.o)
    0x0800822e   0x00000000   Code   RO         3501    .ARM.Collect$$libshutdown$$00000003  c_w.l(libshutdown2.o)
    0x0800822e   0x00000000   Code   RO         3504    .ARM.Collect$$libshutdown$$00000006  c_w.l(libshutdown2.o)
    0x0800822e   0x00000000   Code   RO         3507    .ARM.Collect$$libshutdown$$00000009  c_w.l(libshutdown2.o)
    0x0800822e   0x00000000   Code   RO         3509    .ARM.Collect$$libshutdown$$0000000B  c_w.l(libshutdown2.o)
    0x0800822e   0x00000000   Code   RO         3512    .ARM.Collect$$libshutdown$$0000000E  c_w.l(libshutdown2.o)
    0x0800822e   0x00000002   Code   RO         3513    .ARM.Collect$$libshutdown$$0000000F  c_w.l(libshutdown2.o)
    0x08008230   0x00000000   Code   RO         3234    .ARM.Collect$$rtentry$$00000000  c_w.l(rtentry.o)
    0x08008230   0x00000000   Code   RO         3325    .ARM.Collect$$rtentry$$00000002  c_w.l(rtentry2.o)
    0x08008230   0x00000006   Code   RO         3337    .ARM.Collect$$rtentry$$00000004  c_w.l(rtentry4.o)
    0x08008236   0x00000000   Code   RO         3327    .ARM.Collect$$rtentry$$00000009  c_w.l(rtentry2.o)
    0x08008236   0x00000004   Code   RO         3328    .ARM.Collect$$rtentry$$0000000A  c_w.l(rtentry2.o)
    0x0800823a   0x00000000   Code   RO         3330    .ARM.Collect$$rtentry$$0000000C  c_w.l(rtentry2.o)
    0x0800823a   0x00000008   Code   RO         3331    .ARM.Collect$$rtentry$$0000000D  c_w.l(rtentry2.o)
    0x08008242   0x00000002   Code   RO         3417    .ARM.Collect$$rtexit$$00000000  c_w.l(rtexit.o)
    0x08008244   0x00000000   Code   RO         3442    .ARM.Collect$$rtexit$$00000002  c_w.l(rtexit2.o)
    0x08008244   0x00000004   Code   RO         3443    .ARM.Collect$$rtexit$$00000003  c_w.l(rtexit2.o)
    0x08008248   0x00000006   Code   RO         3444    .ARM.Collect$$rtexit$$00000004  c_w.l(rtexit2.o)
    0x0800824e   0x00000002   PAD
    0x08008250   0x0000008c   Code   RO         1163    .emb_text           port.o
    0x080082dc   0x00000034   Code   RO         3151    .emb_text           c_w.l(rand.o)
    0x08008310   0x000010e0   Code   RO            1    .text               main.o
    0x080093f0   0x000000c0   Code   RO          447    .text               stm32f10x_it.o
    0x080094b0   0x000001dc   Code   RO          466    .text               system_stm32f10x.o
    0x0800968c   0x00000dc8   Code   RO          484    .text               modbus_regop.o
    0x0800a454   0x000011d4   Code   RO          587    .text               modbus_response.o
    0x0800b628   0x000000dc   Code   RO          609    .text               misc.o
    0x0800b704   0x0000044e   Code   RO          621    .text               stm32f10x_adc.o
    0x0800bb52   0x00000002   PAD
    0x0800bb54   0x0000011c   Code   RO          672    .text               stm32f10x_exti.o
    0x0800bc70   0x00000358   Code   RO          696    .text               stm32f10x_gpio.o
    0x0800bfc8   0x000003a4   Code   RO          723    .text               stm32f10x_rcc.o
    0x0800c36c   0x0000030c   Code   RO          764    .text               stm32f10x_spi.o
    0x0800c678   0x00000e1a   Code   RO          776    .text               stm32f10x_tim.o
    0x0800d492   0x00000002   PAD
    0x0800d494   0x00000408   Code   RO          788    .text               stm32f10x_usart.o
    0x0800d89c   0x00000040   Code   RO          856    .text               startup_stm32f10x_hd.o
    0x0800d8dc   0x00000208   Code   RO          860    .text               led.o
    0x0800dae4   0x0000029c   Code   RO          878    .text               myiic.o
    0x0800dd80   0x00000198   Code   RO          890    .text               24cxx.o
    0x0800df18   0x00000218   Code   RO          902    .text               spi.o
    0x0800e130   0x0000012c   Code   RO          963    .text               timerx.o
    0x0800e25c   0x00000484   Code   RO          982    .text               enc28j60.o
    0x0800e6e0   0x0000052c   Code   RO         1058    .text               inputs.o
    0x0800ec0c   0x00000048   Code   RO         1090    .text               key.o
    0x0800ec54   0x000009d4   Code   RO         1108    .text               tasks.o
    0x0800f628   0x00000094   Code   RO         1136    .text               list.o
    0x0800f6bc   0x000000b4   Code   RO         1164    .text               port.o
    0x0800f770   0x00000118   Code   RO         1184    .text               heap_2.o
    0x0800f888   0x00000100   Code   RO         1199    .text               usart.o
    0x0800f988   0x000000e4   Code   RO         1222    .text               delay.o
    0x0800fa6c   0x0000042c   Code   RO         1287    .text               psock.o
    0x0800fe98   0x00000040   Code   RO         1311    .text               timer.o
    0x0800fed8   0x00001784   Code   RO         1323    .text               uip.o
    0x0801165c   0x0000040c   Code   RO         1350    .text               uip_arp.o
    0x08011a68   0x0000000c   Code   RO         1434    .text               clock-arch.o
    0x08011a74   0x000001fc   Code   RO         1447    .text               tapdev.o
    0x08011c70   0x0000023c   Code   RO         1462    .text               tcp_client_demo.o
    0x08011eac   0x00000058   Code   RO         1490    .text               tcp_demo.o
    0x08011f04   0x0000051c   Code   RO         1532    .text               dhcpc.o
    0x08012420   0x00000434   Code   RO         1556    .text               resolv.o
    0x08012854   0x000009f0   Code   RO         1578    .text               httpd.o
    0x08013244   0x00000274   Code   RO         1600    .text               httpd-cgi.o
    0x080134b8   0x000000bc   Code   RO         1616    .text               httpd-fs.o
    0x08013574   0x000004f8   Code   RO         1639    .text               udp_scan.o
    0x08013a6c   0x00000204   Code   RO         1658    .text               tcp_modbus.o
    0x08013c70   0x00000600   Code   RO         1689    .text               modbus.o
    0x08014270   0x00000074   Code   RO         1727    .text               crc.o
    0x080142e4   0x000002a4   Code   RO         1746    .text               filter.o
    0x08014588   0x000010ca   Code   RO         1763    .text               bacdcode.o
    0x08015652   0x00000174   Code   RO         1793    .text               bacreal.o
    0x080157c6   0x00000002   PAD
    0x080157c8   0x000001cc   Code   RO         1817    .text               bacint.o
    0x08015994   0x000000ca   Code   RO         1859    .text               bacaddr.o
    0x08015a5e   0x00000002   PAD
    0x08015a60   0x00000090   Code   RO         1926    .text               datalink.o
    0x08015af0   0x000005b4   Code   RO         1958    .text               datetime.o
    0x080160a4   0x000001c0   Code   RO         1981    .text               dcc.o
    0x08016264   0x000000e6   Code   RO         2013    .text               bacerror.o
    0x0801634a   0x00000060   Code   RO         2028    .text               h_npdu.o
    0x080163aa   0x00000002   PAD
    0x080163ac   0x000004b8   Code   RO         2097    .text               ao.o
    0x08016864   0x00000492   Code   RO         2140    .text               bi.o
    0x08016cf6   0x00000002   PAD
    0x08016cf8   0x000004fc   Code   RO         2160    .text               bo.o
    0x080171f4   0x00000f54   Code   RO         2185    .text               dlmstp.o
    0x08018148   0x00000014   Code   RO         2248    .text               bacnettimer.o
    0x0801815c   0x00000138   Code   RO         2263    .text               s_iam.o
    0x08018294   0x00000066   Code   RO         2352    .text               abort.o
    0x080182fa   0x000002c8   Code   RO         2367    .text               rp.o
    0x080185c2   0x00000002   PAD
    0x080185c4   0x0000006c   Code   RO         2382    .text               noserv.o
    0x08018630   0x00000078   Code   RO         2436    .text               reject.o
    0x080186a8   0x00000188   Code   RO         2448    .text               fifo.o
    0x08018830   0x00000064   Code   RO         2460    .text               s_upt.o
    0x08018894   0x000001d0   Code   RO         2473    .text               bvlc.o
    0x08018a64   0x00000ae8   Code   RO         2496    .text               bacapp.o
    0x0801954c   0x00000418   Code   RO         2518    .text               av.o
    0x08019964   0x000002c4   Code   RO         2547    .text               ai.o
    0x08019c28   0x00000220   Code   RO         2566    .text               h_wp.o
    0x08019e48   0x00000304   Code   RO         2581    .text               npdu.o
    0x0801a14c   0x0000017c   Code   RO         2596    .text               iam.o
    0x0801a2c8   0x000000da   Code   RO         2620    .text               whois.o
    0x0801a3a2   0x00000002   PAD
    0x0801a3a4   0x000004fc   Code   RO         2635    .text               apdu.o
    0x0801a8a0   0x000001fa   Code   RO         2654    .text               wp.o
    0x0801aa9a   0x00000002   PAD
    0x0801aa9c   0x00000298   Code   RO         2666    .text               h_rp.o
    0x0801ad34   0x00000670   Code   RO         2681    .text               bacstr.o
    0x0801b3a4   0x00000060   Code   RO         2699    .text               h_whois.o
    0x0801b404   0x00000064   Code   RO         2714    .text               bacnetcrc.o
    0x0801b468   0x00000364   Code   RO         2729    .text               bip.o
    0x0801b7cc   0x0000068c   Code   RO         2763    .text               device.o
    0x0801be58   0x000005d6   Code   RO         2783    .text               ptransfer.o
    0x0801c42e   0x00000002   PAD
    0x0801c430   0x000002f4   Code   RO         2862    .text               user_data.o
    0x0801c724   0x000000c0   Code   RO         2940    .text               rs485.o
    0x0801c7e4   0x00000230   Code   RO         2996    .text               vmalloc.o
    0x0801ca14   0x00000002   Code   RO         3071    .text               c_w.l(use_no_semi_2.o)
    0x0801ca16   0x00000002   PAD
    0x0801ca18   0x00000018   Code   RO         3075    .text               c_w.l(__2printf.o)
    0x0801ca30   0x0000002c   Code   RO         3077    .text               c_w.l(__2sprintf.o)
    0x0801ca5c   0x00000038   Code   RO         3079    .text               c_w.l(__2snprintf.o)
    0x0801ca94   0x00000052   Code   RO         3089    .text               c_w.l(_printf_pad.o)
    0x0801cae6   0x00000052   Code   RO         3091    .text               c_w.l(_printf_str.o)
    0x0801cb38   0x00000078   Code   RO         3093    .text               c_w.l(_printf_dec.o)
    0x0801cbb0   0x00000160   Code   RO         3131    .text               c_w.l(__printf_ss_wp.o)
    0x0801cd10   0x0000003c   Code   RO         3143    .text               c_w.l(__0sscanf.o)
    0x0801cd4c   0x00000150   Code   RO         3145    .text               c_w.l(_scanf_int.o)
    0x0801ce9c   0x00000070   Code   RO         3147    .text               c_w.l(strtol.o)
    0x0801cf0c   0x00000072   Code   RO         3149    .text               c_w.l(strtoul.o)
    0x0801cf7e   0x00000002   PAD
    0x0801cf80   0x0000003c   Code   RO         3152    .text               c_w.l(rand.o)
    0x0801cfbc   0x00000014   Code   RO         3156    .text               c_w.l(strchr.o)
    0x0801cfd0   0x00000024   Code   RO         3158    .text               c_w.l(strstr.o)
    0x0801cff4   0x00000058   Code   RO         3160    .text               c_w.l(memcmp.o)
    0x0801d04c   0x00000048   Code   RO         3162    .text               c_w.l(strcpy.o)
    0x0801d094   0x00000016   Code   RO         3164    .text               c_w.l(strrchr.o)
    0x0801d0aa   0x0000003e   Code   RO         3166    .text               c_w.l(strlen.o)
    0x0801d0e8   0x00000096   Code   RO         3168    .text               c_w.l(strncmp.o)
    0x0801d17e   0x0000008a   Code   RO         3170    .text               c_w.l(rt_memcpy_v6.o)
    0x0801d208   0x00000064   Code   RO         3172    .text               c_w.l(rt_memcpy_w.o)
    0x0801d26c   0x00000010   Code   RO         3174    .text               c_w.l(aeabi_memset.o)
    0x0801d27c   0x00000044   Code   RO         3176    .text               c_w.l(rt_memclr.o)
    0x0801d2c0   0x0000004e   Code   RO         3178    .text               c_w.l(rt_memclr_w.o)
    0x0801d30e   0x00000056   Code   RO         3180    .text               c_w.l(strncpy.o)
    0x0801d364   0x00000080   Code   RO         3182    .text               c_w.l(strcmpv7m.o)
    0x0801d3e4   0x00000006   Code   RO         3184    .text               c_w.l(heapauxi.o)
    0x0801d3ea   0x00000002   Code   RO         3232    .text               c_w.l(use_no_semi.o)
    0x0801d3ec   0x00000010   Code   RO         3235    .text               c_w.l(rt_ctype_table.o)
    0x0801d3fc   0x00000008   Code   RO         3240    .text               c_w.l(rt_errno_addr_intlibspace.o)
    0x0801d404   0x000000b8   Code   RO         3242    .text               c_w.l(_printf_intcommon.o)
    0x0801d4bc   0x00000030   Code   RO         3246    .text               c_w.l(_printf_char_common.o)
    0x0801d4ec   0x0000000a   Code   RO         3248    .text               c_w.l(_sputc.o)
    0x0801d4f6   0x00000010   Code   RO         3250    .text               c_w.l(_snputc.o)
    0x0801d506   0x0000002c   Code   RO         3252    .text               c_w.l(_printf_char.o)
    0x0801d532   0x00000002   PAD
    0x0801d534   0x00000024   Code   RO         3254    .text               c_w.l(_printf_char_file.o)
    0x0801d558   0x0000001c   Code   RO         3257    .text               c_w.l(_chval.o)
    0x0801d574   0x0000002c   Code   RO         3259    .text               c_w.l(scanf_char.o)
    0x0801d5a0   0x00000040   Code   RO         3261    .text               c_w.l(_sgetc.o)
    0x0801d5e0   0x0000009e   Code   RO         3263    .text               c_w.l(_strtoul.o)
    0x0801d67e   0x00000002   PAD
    0x0801d680   0x000000a0   Code   RO         3265    .text               c_w.l(strtod.o)
    0x0801d720   0x00000008   Code   RO         3321    .text               c_w.l(libspace.o)
    0x0801d728   0x00000008   Code   RO         3342    .text               c_w.l(rt_locale_intlibspace.o)
    0x0801d730   0x00000012   Code   RO         3346    .text               c_w.l(isspace.o)
    0x0801d742   0x00000002   PAD
    0x0801d744   0x00000370   Code   RO         3352    .text               c_w.l(_scanf.o)
    0x0801dab4   0x000000e4   Code   RO         3354    .text               c_w.l(bigflt0.o)
    0x0801db98   0x00000008   Code   RO         3379    .text               c_w.l(ferror.o)
    0x0801dba0   0x0000004a   Code   RO         3399    .text               c_w.l(sys_stackheap_outer.o)
    0x0801dbea   0x00000002   PAD
    0x0801dbec   0x000004a4   Code   RO         3401    .text               c_w.l(scanf_fp.o)
    0x0801e090   0x0000000c   Code   RO         3403    .text               c_w.l(exit.o)
    0x0801e09c   0x00000016   Code   RO         3450    .text               c_w.l(_rserrno.o)
    0x0801e0b2   0x00000002   PAD
    0x0801e0b4   0x00000314   Code   RO         3452    .text               c_w.l(scanf_hexfp.o)
    0x0801e3c8   0x0000013c   Code   RO         3454    .text               c_w.l(scanf_infnan.o)
    0x0801e504   0x00000026   Code   RO         3468    .text               c_w.l(llshl.o)
    0x0801e52a   0x00000338   Code   RO         3367    CL$$btod_div_common  c_w.l(btod.o)
    0x0801e862   0x00000002   PAD
    0x0801e864   0x00000054   Code   RO         3365    CL$$btod_e2d        c_w.l(btod.o)
    0x0801e8b8   0x000000c6   Code   RO         3364    CL$$btod_e2e        c_w.l(btod.o)
    0x0801e97e   0x00000028   Code   RO         3361    CL$$btod_ediv       c_w.l(btod.o)
    0x0801e9a6   0x00000028   Code   RO         3363    CL$$btod_edivd      c_w.l(btod.o)
    0x0801e9ce   0x00000028   Code   RO         3360    CL$$btod_emul       c_w.l(btod.o)
    0x0801e9f6   0x00000028   Code   RO         3362    CL$$btod_emuld      c_w.l(btod.o)
    0x0801ea1e   0x00000244   Code   RO         3366    CL$$btod_mult_common  c_w.l(btod.o)
    0x0801ec62   0x00000002   PAD
    0x0801ec64   0x00000010   Code   RO         3516    i.__mathlib_dbl_underflow  m_ws.l(dunder.o)
    0x0801ec74   0x00000010   Code   RO         3434    i.__mathlib_narrow  m_ws.l(narrow.o)
    0x0801ec84   0x00000088   Code   RO         3435    i.__mathlib_tofloat  m_ws.l(narrow.o)
    0x0801ed0c   0x00000016   Code   RO         3484    i.__support_ldexp   m_ws.l(ldexp.o)
    0x0801ed22   0x0000000e   Code   RO         3126    i._is_digit         c_w.l(__printf_wp.o)
    0x0801ed30   0x00000058   Code   RO         3465    i.frexp             m_ws.l(frexp.o)
    0x0801ed88   0x0000007e   Code   RO         3485    i.ldexp             m_ws.l(ldexp.o)
    0x0801ee06   0x0000001c   Code   RO         3229    i.strtod            m_ws.l(strtod.o)
    0x0801ee22   0x00000002   PAD
    0x0801ee24   0x0000002c   Code   RO         3384    locale$$code        c_w.l(lc_ctype_c.o)
    0x0801ee50   0x0000002c   Code   RO         3387    locale$$code        c_w.l(lc_numeric_c.o)
    0x0801ee7c   0x00000062   Code   RO         3188    x$fpl$d2f           fz_ws.l(d2f.o)
    0x0801eede   0x00000002   PAD
    0x0801eee0   0x00000010   Code   RO         3514    x$fpl$dcheck1       fz_ws.l(dcheck1.o)
    0x0801eef0   0x00000018   Code   RO         3477    x$fpl$dcmpinf       fz_ws.l(dcmpi.o)
    0x0801ef08   0x00000078   Code   RO         3460    x$fpl$deqf          fz_ws.l(deqf.o)
    0x0801ef80   0x00000078   Code   RO         3479    x$fpl$dleqf         fz_ws.l(dleqf.o)
    0x0801eff8   0x0000009c   Code   RO         3310    x$fpl$dnaninf       fz_ws.l(dnaninf.o)
    0x0801f094   0x0000006c   Code   RO         3462    x$fpl$drleqf        fz_ws.l(drleqf.o)
    0x0801f100   0x00000018   Code   RO         3314    x$fpl$fcmpinf       fz_ws.l(fcmpi.o)
    0x0801f118   0x00000184   Code   RO         3203    x$fpl$fdiv          fz_ws.l(fdiv.o)
    0x0801f29c   0x00000036   Code   RO         3206    x$fpl$ffix          fz_ws.l(ffix.o)
    0x0801f2d2   0x00000002   PAD
    0x0801f2d4   0x0000003e   Code   RO         3210    x$fpl$ffixu         fz_ws.l(ffixu.o)
    0x0801f312   0x00000002   PAD
    0x0801f314   0x00000030   Code   RO         3215    x$fpl$fflt          fz_ws.l(fflt_clz.o)
    0x0801f344   0x00000026   Code   RO         3214    x$fpl$ffltu         fz_ws.l(fflt_clz.o)
    0x0801f36a   0x00000002   PAD
    0x0801f36c   0x00000068   Code   RO         3220    x$fpl$fleqf         fz_ws.l(fleqf.o)
    0x0801f3d4   0x00000102   Code   RO         3222    x$fpl$fmul          fz_ws.l(fmul.o)
    0x0801f4d6   0x0000008c   Code   RO         3316    x$fpl$fnaninf       fz_ws.l(fnaninf.o)
    0x0801f562   0x0000000a   Code   RO         3318    x$fpl$fretinf       fz_ws.l(fretinf.o)
    0x0801f56c   0x00000062   Code   RO         3224    x$fpl$frleqf        fz_ws.l(frleqf.o)
    0x0801f5ce   0x00000064   Code   RO         3535    x$fpl$retnan        fz_ws.l(retnan.o)
    0x0801f632   0x0000005c   Code   RO         3481    x$fpl$scalbn        fz_ws.l(scalbn.o)
    0x0801f68e   0x00000004   Code   RO         3395    x$fpl$scanf1        fz_ws.l(scanf1.o)
    0x0801f692   0x00000008   Code   RO         3428    x$fpl$scanf2        fz_ws.l(scanf2.o)
    0x0801f69a   0x00000030   Code   RO         3537    x$fpl$trapveneer    fz_ws.l(trapv.o)
    0x0801f6ca   0x00000000   Code   RO         3320    x$fpl$usenofp       fz_ws.l(usenofp.o)
    0x0801f6ca   0x00000002   PAD
    0x0801f6cc   0x000000b0   Data   RO         1060    .constdata          inputs.o
    0x0801f77c   0x00000008   Data   RO         1325    .constdata          uip.o
    0x0801f784   0x0000000a   Data   RO         1352    .constdata          uip_arp.o
    0x0801f78e   0x00000008   Data   RO         1534    .constdata          dhcpc.o
    0x0801f796   0x0000024a   Data   RO         1571    .constdata          http-strings.o
    0x0801f9e0   0x000000cd   Data   RO         1601    .constdata          httpd-cgi.o
    0x0801faad   0x00000003   PAD
    0x0801fab0   0x000012dc   Data   RO         1618    .constdata          httpd-fs.o
    0x08020d8c   0x00000200   Data   RO         1728    .constdata          crc.o
    0x08020f8c   0x0000002a   Data   RO         1748    .constdata          filter.o
    0x08020fb6   0x00000002   PAD
    0x08020fb8   0x00000034   Data   RO         1959    .constdata          datetime.o
    0x08020fec   0x00000030   Data   RO         2142    .constdata          bi.o
    0x0802101c   0x00000040   Data   RO         2162    .constdata          bo.o
    0x0802105c   0x00000340   Data   RO         2520    .constdata          av.o
    0x0802139c   0x00000100   Data   RO         2682    .constdata          bacstr.o
    0x0802149c   0x00000018   Data   RO         3000    .constdata          vmalloc.o
    0x080214b4   0x00000094   Data   RO         3355    .constdata          c_w.l(bigflt0.o)
    0x08021548   0x000000f3   Data   RO         1579    .conststring        httpd.o
    0x0802163b   0x00000025   Data   RO         1602    .conststring        httpd-cgi.o
    0x08021660   0x00000020   Data   RO         3539    Region$$Table       anon$$obj.o
    0x08021680   0x00000008   Data   RO         3425    c$$dinf             fz_ws.l(fpconst.o)
    0x08021688   0x00000110   Data   RO         3383    locale$$data        c_w.l(lc_ctype_c.o)
    0x08021798   0x0000001c   Data   RO         3386    locale$$data        c_w.l(lc_numeric_c.o)


    Execution Region RW_IRAM1 (Base: 0x20000000, Size: 0x000082e0, Max: 0x0000c000, ABSOLUTE, COMPRESSED[0x00000480])

    Base Addr    Size         Type   Attr      Idx    E Section Name        Object

    0x20000000   0x00000017   Data   RW            3    .data               main.o
    0x20000017   0x00000001   PAD
    0x20000018   0x00000014   Data   RW          467    .data               system_stm32f10x.o
    0x2000002c   0x00000004   Data   RW          485    .data               modbus_regop.o
    0x20000030   0x00000008   Data   RW          588    .data               modbus_response.o
    0x20000038   0x00000014   Data   RW          724    .data               stm32f10x_rcc.o
    0x2000004c   0x0000000c   Data   RW          861    .data               led.o
    0x20000058   0x00000008   Data   RW          964    .data               timerx.o
    0x20000060   0x00000008   Data   RW          983    .data               enc28j60.o
    0x20000068   0x0000002d   Data   RW         1061    .data               inputs.o
    0x20000095   0x00000003   PAD
    0x20000098   0x0000003c   Data   RW         1110    .data               tasks.o
    0x200000d4   0x00000004   Data   RW         1165    .data               port.o
    0x200000d8   0x00000018   Data   RW         1186    .data               heap_2.o
    0x200000f0   0x00000008   Data   RW         1200    .data               usart.o
    0x200000f8   0x00000004   Data   RW         1223    .data               delay.o
    0x200000fc   0x0000003c   Data   RW         1326    .data               uip.o
    0x20000138   0x00000008   Data   RW         1353    .data               uip_arp.o
    0x20000140   0x00000001   Data   RW         1464    .data               tcp_client_demo.o
    0x20000141   0x00000003   PAD
    0x20000144   0x00000014   Data   RW         1558    .data               resolv.o
    0x20000158   0x0000000c   Data   RW         1580    .data               httpd.o
    0x20000164   0x00000034   Data   RW         1603    .data               httpd-cgi.o
    0x20000198   0x00000689   Data   RW         1619    .data               httpd-fs.o
    0x20000821   0x00000003   Data   RW         1641    .data               udp_scan.o
    0x20000824   0x00000004   Data   RW         1660    .data               tcp_modbus.o
    0x20000828   0x00000011   Data   RW         1691    .data               modbus.o
    0x20000839   0x00000002   Data   RW         1729    .data               crc.o
    0x2000083b   0x00000001   Data   RW         1749    .data               filter.o
    0x2000083c   0x00000005   Data   RW         1982    .data               dcc.o
    0x20000841   0x00000002   Data   RW         2099    .data               ao.o
    0x20000843   0x00000015   Data   RW         2143    .data               bi.o
    0x20000858   0x00000034   Data   RW         2187    .data               dlmstp.o
    0x2000088c   0x00000002   Data   RW         2249    .data               bacnettimer.o
    0x2000088e   0x00000002   Data   RW         2475    .data               bvlc.o
    0x20000890   0x0000000c   Data   RW         2497    .data               bacapp.o
    0x2000089c   0x00000038   Data   RW         2637    .data               apdu.o
    0x200008d4   0x00000001   Data   RW         2700    .data               h_whois.o
    0x200008d5   0x00000003   PAD
    0x200008d8   0x00000026   Data   RW         2731    .data               bip.o
    0x200008fe   0x00000002   PAD
    0x20000900   0x00000018   Data   RW         2765    .data               device.o
    0x20000918   0x00000005   Data   RW         2784    .data               ptransfer.o
    0x2000091d   0x00000003   PAD
    0x20000920   0x00000074   Data   RW         2864    .data               user_data.o
    0x20000994   0x0000001c   Data   RW         3001    .data               vmalloc.o
    0x200009b0   0x00000258   Zero   RW            2    .bss                main.o
    0x20000c08   0x00000084   Zero   RW         1059    .bss                inputs.o
    0x20000c8c   0x000000c8   Zero   RW         1109    .bss                tasks.o
    0x20000d54   0x00000004   PAD
    0x20000d58   0x00002800   Zero   RW         1185    .bss                heap_2.o
    0x20003558   0x00001948   Zero   RW         1324    .bss                uip.o
    0x20004ea0   0x00000060   Zero   RW         1351    .bss                uip_arp.o
    0x20004f00   0x000001f4   Zero   RW         1463    .bss                tcp_client_demo.o
    0x200050f4   0x00000034   Zero   RW         1533    .bss                dhcpc.o
    0x20005128   0x000000a8   Zero   RW         1557    .bss                resolv.o
    0x200051d0   0x00000014   Zero   RW         1617    .bss                httpd-fs.o
    0x200051e4   0x0000019a   Zero   RW         1640    .bss                udp_scan.o
    0x2000537e   0x000003e8   Zero   RW         1659    .bss                tcp_modbus.o
    0x20005766   0x00000002   PAD
    0x20005768   0x00000690   Zero   RW         1690    .bss                modbus.o
    0x20005df8   0x0000002c   Zero   RW         1747    .bss                filter.o
    0x20005e24   0x00000040   Zero   RW         2098    .bss                ao.o
    0x20005e64   0x00000020   Zero   RW         2141    .bss                bi.o
    0x20005e84   0x000000ec   Zero   RW         2161    .bss                bo.o
    0x20005f70   0x00000272   Zero   RW         2176    .bss                txbuf.o
    0x200061e2   0x000001f4   Zero   RW         2186    .bss                dlmstp.o
    0x200063d6   0x00000002   PAD
    0x200063d8   0x00000010   Zero   RW         2474    .bss                bvlc.o
    0x200063e8   0x000000d0   Zero   RW         2519    .bss                av.o
    0x200064b8   0x0000002c   Zero   RW         2548    .bss                ai.o
    0x200064e4   0x00000270   Zero   RW         2567    .bss                h_wp.o
    0x20006754   0x00000194   Zero   RW         2636    .bss                apdu.o
    0x200068e8   0x000004ce   Zero   RW         2730    .bss                bip.o
    0x20006db6   0x00000014   Zero   RW         2764    .bss                device.o
    0x20006dca   0x00000002   PAD
    0x20006dcc   0x0000097c   Zero   RW         2863    .bss                user_data.o
    0x20007748   0x00000010   Zero   RW         2941    .bss                rs485.o
    0x20007758   0x00000440   Zero   RW         2999    .bss                vmalloc.o
    0x20007b98   0x000000e4   Zero   RW         3153    .bss                c_w.l(rand.o)
    0x20007c7c   0x00000060   Zero   RW         3322    .bss                c_w.l(libspace.o)
    0x20007cdc   0x00000004   PAD
    0x20007ce0   0x00000200   Zero   RW          854    HEAP                startup_stm32f10x_hd.o
    0x20007ee0   0x00000400   Zero   RW          853    STACK               startup_stm32f10x_hd.o



  Load Region LR$$.ARM.__AT_0x68000000 (Base: 0x68000000, Size: 0x00000000, Max: 0x00032000, ABSOLUTE)

    Execution Region ER$$.ARM.__AT_0x68000000 (Base: 0x68000000, Size: 0x00032000, Max: 0x00032000, ABSOLUTE, UNINIT)

    Base Addr    Size         Type   Attr      Idx    E Section Name        Object

    0x68000000   0x00032000   Zero   RW         2997    .ARM.__AT_0x68000000  vmalloc.o



  Load Region LR$$.ARM.__AT_0x68032000 (Base: 0x68032000, Size: 0x00000000, Max: 0x00003200, ABSOLUTE)

    Execution Region ER$$.ARM.__AT_0x68032000 (Base: 0x68032000, Size: 0x00003200, Max: 0x00003200, ABSOLUTE, UNINIT)

    Base Addr    Size         Type   Attr      Idx    E Section Name        Object

    0x68032000   0x00003200   Zero   RW         2998    .ARM.__AT_0x68032000  vmalloc.o


==============================================================================

Image component sizes


      Code (inc. data)   RO Data    RW Data    ZI Data      Debug   Object Name

       408          8          0          0          0       2582   24cxx.o
       102          6          0          0          0       1618   abort.o
       708         14          0          0         44       4800   ai.o
      1208         26          0          2         64       7475   ao.o
      1276        180          0         56        404       6417   apdu.o
      1048         24        832          0        208       3956   av.o
       202          0          0          0          0       1458   bacaddr.o
      2792        152          0         12          0       9364   bacapp.o
      4298         14          0          0          0      26814   bacdcode.o
       230          0          0          0          0       2140   bacerror.o
       460          6          0          0          0       3712   bacint.o
       100          0          0          0          0        788   bacnetcrc.o
        20          4          0          2          0       1227   bacnettimer.o
         0          0          0          0          0       2104   bacpropstates.o
       372          0          0          0          0      41854   bacreal.o
      1648         18        256          0          0      11845   bacstr.o
      1170         58         48         21         32       6573   bi.o
       868         42          0         38       1230       9235   bip.o
      1276         62         64          0        236       4944   bo.o
         0          0          0          0          0        692   bv.o
       464         28          0          2         16       5199   bvlc.o
        12          6          0          0          0        409   clock-arch.o
         0          0          0          0          0         32   cortexm3_macro_rvds.o
       116         18        512          2          0       1404   crc.o
       144          4          0          0          0       2656   datalink.o
      1460          4         52          0          0       9495   datetime.o
       448          8          0          5          0       3973   dcc.o
       228         10          0          4          0       1139   delay.o
      1676         76          0         24         20       4694   device.o
      1308         46          8          0         52      12642   dhcpc.o
      3924        302          0         52        500      10786   dlmstp.o
      1156         16          0          8          0       4302   enc28j60.o
       392          0          0          0          0       3397   fifo.o
       676         48         42          1         44       2484   filter.o
        96          0          0          0          0       2507   h_npdu.o
       664        130          0          0          0       2797   h_rp.o
        96          8          0          1          0       1410   h_whois.o
       544         22          0          0        624       2193   h_wp.o
       280         22          0         24      10240       3324   heap_2.o
         0          0        586          0          0       2165   http-strings.o
       628         54        242         52          0       3360   httpd-cgi.o
       188         10       4828       1673         20       3886   httpd-fs.o
      2544        312        243         12          0       5354   httpd.o
       380          0          0          0          0       1985   iam.o
      1324         64        176         45        132       3660   inputs.o
        72          4          0          0          0        664   key.o
       520         40          0         12          0       1337   led.o
       148          0          0          0          0       1689   list.o
      4320        180          0         23        600     313796   main.o
       220         20          0          0          0       1721   misc.o
      1536        100          0         17       1680      22636   modbus.o
      3528         86          0          4          0     232311   modbus_regop.o
      4564        180          0          8          0       4936   modbus_response.o
       668         26          0          0          0       1828   myiic.o
       108         10          0          0          0       3423   noserv.o
       772          0          0          0          0       3459   npdu.o
       320         26          0          4          0       2885   port.o
      1068         38          0          0          0      12894   psock.o
      1494         30          0          5          0       6669   ptransfer.o
       120         12          0          0          0       1577   reject.o
      1076        122          0         20        168       4434   resolv.o
       712          0          0          0          0       3927   rp.o
       192         20          0          0         16       2383   rs485.o
       312          4          0          0          0       3452   s_iam.o
       100         14          0          0          0       1302   s_upt.o
       536         14          0          0          0       1836   spi.o
        64         26        304          0       1536        756   startup_stm32f10x_hd.o
      1102         26          0          0          0      10757   stm32f10x_adc.o
       284         10          0          0          0       2155   stm32f10x_exti.o
       856         40          0          0          0       5569   stm32f10x_gpio.o
       192        102          0          0          0       2526   stm32f10x_it.o
       932         44          0         20          0       8704   stm32f10x_rcc.o
       780         14          0          0          0       6450   stm32f10x_spi.o
      3610         88          0          0          0      22052   stm32f10x_tim.o
      1032         22          0          0          0       8292   stm32f10x_usart.o
       476         36          0         20          0       1623   system_stm32f10x.o
       508         28          0          0          0        838   tapdev.o
      2516        188          0         60        200      11801   tasks.o
       572        140          0          1        500      10590   tcp_client_demo.o
        88          8          0          0          0       1538   tcp_demo.o
       516        152          0          4       1000       2786   tcp_modbus.o
        64          0          0          0          0       1292   timer.o
       300         22          0          8          0       1444   timerx.o
         0          0          0          0        626        550   txbuf.o
      1272         74          0          3        410       2722   udp_scan.o
      6020        658          8         60       6472      16298   uip.o
      1036         60         10          8         96       3599   uip_arp.o
       256         14          0          8          0       2772   usart.o
       756        128          0        116       2428       4477   user_data.o
       560         18         24         28     218688       4376   vmalloc.o
       218          0          0          0          0       1577   whois.o
       506          0          0          0          0       1811   wp.o

    ----------------------------------------------------------------------
     83856       4626       8272       2480     248296    1011365   Object Totals
         0          0         32          0          0          0   (incl. Generated)
        20          0          5         15         10          0   (incl. Padding)

    ----------------------------------------------------------------------

      Code (inc. data)   RO Data    RW Data    ZI Data      Debug   Library Member Name

        60          8          0          0          0         84   __0sscanf.o
        24          4          0          0          0         84   __2printf.o
        56          6          0          0          0         88   __2snprintf.o
        44          6          0          0          0         84   __2sprintf.o
       100          0          0          0          0          0   __dclz77c.o
         8          0          0          0          0         68   __main.o
       352          0          0          0          0         88   __printf_ss_wp.o
        14          0          0          0          0         68   __printf_wp.o
        52          8          0          0          0          0   __scatter.o
        28          0          0          0          0          0   __scatter_zi.o
        28          0          0          0          0         68   _chval.o
         6          0          0          0          0          0   _printf_c.o
        44          0          0          0          0        108   _printf_char.o
        48          6          0          0          0         96   _printf_char_common.o
        36          4          0          0          0         80   _printf_char_file.o
         6          0          0          0          0          0   _printf_d.o
       120         18          0          0          0         92   _printf_dec.o
       184          0          0          0          0         88   _printf_intcommon.o
        82          0          0          0          0        108   _printf_pad.o
         0          0          0          0          0          0   _printf_percent.o
         4          0          0          0          0          0   _printf_percent_end.o
         6          0          0          0          0          0   _printf_s.o
        82          0          0          0          0         80   _printf_str.o
         6          0          0          0          0          0   _printf_u.o
        22          0          0          0          0        100   _rserrno.o
       880          4          0          0          0        100   _scanf.o
       336          0          0          0          0         96   _scanf_int.o
        64          0          0          0          0         84   _sgetc.o
        16          0          0          0          0         68   _snputc.o
        10          0          0          0          0         68   _sputc.o
       158          0          0          0          0         92   _strtoul.o
        16          0          0          0          0         68   aeabi_memset.o
       228          6        148          0          0         96   bigflt0.o
      1846        132          0          0          0        736   btod.o
        12          0          0          0          0         72   exit.o
         8          0          0          0          0         68   ferror.o
         6          0          0          0          0        152   heapauxi.o
        18          0          0          0          0         76   isspace.o
        44         10        272          0          0         76   lc_ctype_c.o
        44         10         28          0          0         76   lc_numeric_c.o
         2          0          0          0          0          0   libinit.o
        34          0          0          0          0          0   libinit2.o
         2          0          0          0          0          0   libshutdown.o
         2          0          0          0          0          0   libshutdown2.o
         8          4          0          0         96         68   libspace.o
        38          0          0          0          0         68   llshl.o
        88          0          0          0          0         76   memcmp.o
       112         18          0          0        228        160   rand.o
        16          4          0          0          0         76   rt_ctype_table.o
         8          4          0          0          0         68   rt_errno_addr_intlibspace.o
         8          4          0          0          0         68   rt_locale_intlibspace.o
        68          0          0          0          0         68   rt_memclr.o
        78          0          0          0          0         80   rt_memclr_w.o
       138          0          0          0          0         68   rt_memcpy_v6.o
       100          0          0          0          0         80   rt_memcpy_w.o
         0          0          0          0          0          0   rtentry.o
        12          0          0          0          0          0   rtentry2.o
         6          0          0          0          0          0   rtentry4.o
         2          0          0          0          0          0   rtexit.o
        10          0          0          0          0          0   rtexit2.o
        44          8          0          0          0         84   scanf_char.o
      1188         12          0          0          0        148   scanf_fp.o
       788         12          0          0          0        100   scanf_hexfp.o
       316         18          0          0          0        100   scanf_infnan.o
        20          0          0          0          0         68   strchr.o
       128          0          0          0          0         68   strcmpv7m.o
        72          0          0          0          0         80   strcpy.o
        62          0          0          0          0         76   strlen.o
       150          0          0          0          0         80   strncmp.o
        86          0          0          0          0         76   strncpy.o
        22          0          0          0          0         68   strrchr.o
        36          0          0          0          0         80   strstr.o
       160         12          0          0          0        120   strtod.o
       112          0          0          0          0         88   strtol.o
       114          0          0          0          0         92   strtoul.o
        74          0          0          0          0         80   sys_stackheap_outer.o
         2          0          0          0          0         68   use_no_semi.o
         2          0          0          0          0         68   use_no_semi_2.o
        98          4          0          0          0         92   d2f.o
        16          4          0          0          0         68   dcheck1.o
        24          0          0          0          0         68   dcmpi.o
       120          4          0          0          0         92   deqf.o
       120          4          0          0          0         92   dleqf.o
       156          4          0          0          0         92   dnaninf.o
       108          0          0          0          0         80   drleqf.o
        24          0          0          0          0         68   fcmpi.o
       388         76          0          0          0         96   fdiv.o
        54          4          0          0          0         84   ffix.o
        62          4          0          0          0         84   ffixu.o
        86          0          0          0          0        136   fflt_clz.o
       104          4          0          0          0         84   fleqf.o
       258          4          0          0          0         84   fmul.o
       140          4          0          0          0         84   fnaninf.o
         0          0          8          0          0          0   fpconst.o
        10          0          0          0          0         68   fretinf.o
        98          0          0          0          0         68   frleqf.o
       100          0          0          0          0         68   retnan.o
        92          0          0          0          0         68   scalbn.o
         4          0          0          0          0         68   scanf1.o
         8          0          0          0          0         84   scanf2.o
        48          0          0          0          0         68   trapv.o
         0          0          0          0          0          0   usenofp.o
        16          6          0          0          0         68   dunder.o
        88          8          0          0          0         76   frexp.o
       148          0          0          0          0        160   ldexp.o
       152          4          0          0          0        160   narrow.o
        28          0          0          0          0         80   strtod.o

    ----------------------------------------------------------------------
     11788        454        456          0        328       8076   Library Totals
        32          2          0          0          4          0   (incl. Padding)

    ----------------------------------------------------------------------

      Code (inc. data)   RO Data    RW Data    ZI Data      Debug   Library Name

      9206        318        448          0        324       5736   c_w.l
      2118        116          8          0          0       1796   fz_ws.l
       432         18          0          0          0        544   m_ws.l

    ----------------------------------------------------------------------
     11788        454        456          0        328       8076   Library Totals

    ----------------------------------------------------------------------

==============================================================================


      Code (inc. data)   RO Data    RW Data    ZI Data      Debug   

     95644       5080       8728       2480     248624    1005661   Grand Totals
     95644       5080       8728       1152     248624    1005661   ELF Image Totals (compressed)
     95644       5080       8728       1152          0          0   ROM Totals

==============================================================================

    Total RO  Size (Code + RO Data)               104372 ( 101.93kB)
    Total RW  Size (RW Data + ZI Data)            251104 ( 245.22kB)
    Total ROM Size (Code + RO Data + RW Data)     105524 ( 103.05kB)

==============================================================================

